Archive member included to satisfy reference by file (symbol)

C:/ST/STM32CubeIDE_1.15.0/STM32CubeIDE/plugins/com.st.stm32cube.ide.mcu.externaltools.gnu-tools-for-stm32.12.3.rel1.win32_1.0.100.202403111256/tools/bin/../lib/gcc/arm-none-eabi/12.3.1/../../../../arm-none-eabi/lib/thumb/v7e-m+fp/hard\libc_nano.a(libc_a-exit.o)
                              C:/ST/STM32CubeIDE_1.15.0/STM32CubeIDE/plugins/com.st.stm32cube.ide.mcu.externaltools.gnu-tools-for-stm32.12.3.rel1.win32_1.0.100.202403111256/tools/bin/../lib/gcc/arm-none-eabi/12.3.1/../../../../arm-none-eabi/lib/thumb/v7e-m+fp/hard/crt0.o (exit)
C:/ST/STM32CubeIDE_1.15.0/STM32CubeIDE/plugins/com.st.stm32cube.ide.mcu.externaltools.gnu-tools-for-stm32.12.3.rel1.win32_1.0.100.202403111256/tools/bin/../lib/gcc/arm-none-eabi/12.3.1/../../../../arm-none-eabi/lib/thumb/v7e-m+fp/hard\libc_nano.a(libc_a-findfp.o)
                              C:/ST/STM32CubeIDE_1.15.0/STM32CubeIDE/plugins/com.st.stm32cube.ide.mcu.externaltools.gnu-tools-for-stm32.12.3.rel1.win32_1.0.100.202403111256/tools/bin/../lib/gcc/arm-none-eabi/12.3.1/../../../../arm-none-eabi/lib/thumb/v7e-m+fp/hard\libc_nano.a(libc_a-exit.o) (__stdio_exit_handler)
C:/ST/STM32CubeIDE_1.15.0/STM32CubeIDE/plugins/com.st.stm32cube.ide.mcu.externaltools.gnu-tools-for-stm32.12.3.rel1.win32_1.0.100.202403111256/tools/bin/../lib/gcc/arm-none-eabi/12.3.1/../../../../arm-none-eabi/lib/thumb/v7e-m+fp/hard\libc_nano.a(libc_a-fwalk.o)
                              C:/ST/STM32CubeIDE_1.15.0/STM32CubeIDE/plugins/com.st.stm32cube.ide.mcu.externaltools.gnu-tools-for-stm32.12.3.rel1.win32_1.0.100.202403111256/tools/bin/../lib/gcc/arm-none-eabi/12.3.1/../../../../arm-none-eabi/lib/thumb/v7e-m+fp/hard\libc_nano.a(libc_a-findfp.o) (_fwalk_sglue)
C:/ST/STM32CubeIDE_1.15.0/STM32CubeIDE/plugins/com.st.stm32cube.ide.mcu.externaltools.gnu-tools-for-stm32.12.3.rel1.win32_1.0.100.202403111256/tools/bin/../lib/gcc/arm-none-eabi/12.3.1/../../../../arm-none-eabi/lib/thumb/v7e-m+fp/hard\libc_nano.a(libc_a-snprintf.o)
                              ./Core/Src/main.o (snprintf)
C:/ST/STM32CubeIDE_1.15.0/STM32CubeIDE/plugins/com.st.stm32cube.ide.mcu.externaltools.gnu-tools-for-stm32.12.3.rel1.win32_1.0.100.202403111256/tools/bin/../lib/gcc/arm-none-eabi/12.3.1/../../../../arm-none-eabi/lib/thumb/v7e-m+fp/hard\libc_nano.a(libc_a-stdio.o)
                              C:/ST/STM32CubeIDE_1.15.0/STM32CubeIDE/plugins/com.st.stm32cube.ide.mcu.externaltools.gnu-tools-for-stm32.12.3.rel1.win32_1.0.100.202403111256/tools/bin/../lib/gcc/arm-none-eabi/12.3.1/../../../../arm-none-eabi/lib/thumb/v7e-m+fp/hard\libc_nano.a(libc_a-findfp.o) (__sread)
C:/ST/STM32CubeIDE_1.15.0/STM32CubeIDE/plugins/com.st.stm32cube.ide.mcu.externaltools.gnu-tools-for-stm32.12.3.rel1.win32_1.0.100.202403111256/tools/bin/../lib/gcc/arm-none-eabi/12.3.1/../../../../arm-none-eabi/lib/thumb/v7e-m+fp/hard\libc_nano.a(libc_a-memset.o)
                              C:/ST/STM32CubeIDE_1.15.0/STM32CubeIDE/plugins/com.st.stm32cube.ide.mcu.externaltools.gnu-tools-for-stm32.12.3.rel1.win32_1.0.100.202403111256/tools/bin/../lib/gcc/arm-none-eabi/12.3.1/../../../../arm-none-eabi/lib/thumb/v7e-m+fp/hard/crt0.o (memset)
C:/ST/STM32CubeIDE_1.15.0/STM32CubeIDE/plugins/com.st.stm32cube.ide.mcu.externaltools.gnu-tools-for-stm32.12.3.rel1.win32_1.0.100.202403111256/tools/bin/../lib/gcc/arm-none-eabi/12.3.1/../../../../arm-none-eabi/lib/thumb/v7e-m+fp/hard\libc_nano.a(libc_a-strncmp.o)
                              ./Core/Src/main.o (strncmp)
C:/ST/STM32CubeIDE_1.15.0/STM32CubeIDE/plugins/com.st.stm32cube.ide.mcu.externaltools.gnu-tools-for-stm32.12.3.rel1.win32_1.0.100.202403111256/tools/bin/../lib/gcc/arm-none-eabi/12.3.1/../../../../arm-none-eabi/lib/thumb/v7e-m+fp/hard\libc_nano.a(libc_a-closer.o)
                              C:/ST/STM32CubeIDE_1.15.0/STM32CubeIDE/plugins/com.st.stm32cube.ide.mcu.externaltools.gnu-tools-for-stm32.12.3.rel1.win32_1.0.100.202403111256/tools/bin/../lib/gcc/arm-none-eabi/12.3.1/../../../../arm-none-eabi/lib/thumb/v7e-m+fp/hard\libc_nano.a(libc_a-stdio.o) (_close_r)
C:/ST/STM32CubeIDE_1.15.0/STM32CubeIDE/plugins/com.st.stm32cube.ide.mcu.externaltools.gnu-tools-for-stm32.12.3.rel1.win32_1.0.100.202403111256/tools/bin/../lib/gcc/arm-none-eabi/12.3.1/../../../../arm-none-eabi/lib/thumb/v7e-m+fp/hard\libc_nano.a(libc_a-reent.o)
                              C:/ST/STM32CubeIDE_1.15.0/STM32CubeIDE/plugins/com.st.stm32cube.ide.mcu.externaltools.gnu-tools-for-stm32.12.3.rel1.win32_1.0.100.202403111256/tools/bin/../lib/gcc/arm-none-eabi/12.3.1/../../../../arm-none-eabi/lib/thumb/v7e-m+fp/hard\libc_nano.a(libc_a-closer.o) (errno)
C:/ST/STM32CubeIDE_1.15.0/STM32CubeIDE/plugins/com.st.stm32cube.ide.mcu.externaltools.gnu-tools-for-stm32.12.3.rel1.win32_1.0.100.202403111256/tools/bin/../lib/gcc/arm-none-eabi/12.3.1/../../../../arm-none-eabi/lib/thumb/v7e-m+fp/hard\libc_nano.a(libc_a-impure.o)
[...]
Memory Configuration

Name             Origin             Length             Attributes
RAM              0x20000000         0x00010000         xrw
FLASH            0x08000000         0x00040000         xr
*default*        0x00000000         0xffffffff

Linker script and memory map

LOAD C:/ST/STM32CubeIDE_1.15.0/STM32CubeIDE/plugins/com.st.stm32cube.ide.mcu.externaltools.gnu-tools-for-stm32.12.3.rel1.win32_1.0.100.202403111256/tools/bin/../lib/gcc/arm-none-eabi/12.3.1/thumb/v7e-m+fp/hard/crti.o
LOAD C:/ST/STM32CubeIDE_1.15.0/STM32CubeIDE/plugins/com.st.stm32cube.ide.mcu.externaltools.gnu-tools-for-stm32.12.3.rel1.win32_1.0.100.202403111256/tools/bin/../lib/gcc/arm-none-eabi/12.3.1/thumb/v7e-m+fp/hard/crtbegin.o
LOAD C:/ST/STM32CubeIDE_1.15.0/STM32CubeIDE/plugins/com.st.stm32cube.ide.mcu.externaltools.gnu-tools-for-stm32.12.3.rel1.win32_1.0.100.202403111256/tools/bin/../lib/gcc/arm-none-eabi/12.3.1/../../../../arm-none-eabi/lib/thumb/v7e-m+fp/hard/crt0.o
LOAD ./Core/Src/main.o
LOAD ./Core/Src/stm32f4xx_hal_msp.o
LOAD ./Core/Src/stm32f4xx_it.o
LOAD ./Core/Src/syscalls.o
LOAD ./Core/Src/sysmem.o
LOAD ./Core/Src/system_stm32f4xx.o
LOAD ./Core/Startup/startup_stm32f401ccux.o
LOAD ./Drivers/STM32F4xx_HAL_Driver/Src/stm32f4xx_hal.o
LOAD ./Drivers/STM32F4xx_HAL_Driver/Src/stm32f4xx_hal_adc.o
LOAD ./Drivers/STM32F4xx_HAL_Driver/Src/stm32f4xx_hal_adc_ex.o
LOAD ./Drivers/STM32F4xx_HAL_Driver/Src/stm32f4xx_hal_cortex.o
LOAD ./Drivers/STM32F4xx_HAL_Driver/Src/stm32f4xx_hal_dma.o
LOAD ./Drivers/STM32F4xx_HAL_Driver/Src/stm32f4xx_hal_dma_ex.o
LOAD ./Drivers/STM32F4xx_HAL_Driver/Src/stm32f4xx_hal_exti.o
LOAD ./Drivers/STM32F4xx_HAL_Driver/Src/stm32f4xx_hal_flash.o
LOAD ./Drivers/STM32F4xx_HAL_Driver/Src/stm32f4xx_hal_flash_ex.o
LOAD ./Drivers/STM32F4xx_HAL_Driver/Src/stm32f4xx_hal_flash_ramfunc.o
LOAD ./Drivers/STM32F4xx_HAL_Driver/Src/stm32f4xx_hal_gpio.o
LOAD ./Drivers/STM32F4xx_HAL_Driver/Src/stm32f4xx_hal_pcd.o
LOAD ./Drivers/STM32F4xx_HAL_Driver/Src/stm32f4xx_hal_pcd_ex.o
LOAD ./Drivers/STM32F4xx_HAL_Driver/Src/stm32f4xx_hal_pwr.o
LOAD ./Drivers/STM32F4xx_HAL_Driver/Src/stm32f4xx_hal_pwr_ex.o
LOAD ./Drivers/STM32F4xx_HAL_Driver/Src/stm32f4xx_hal_rcc.o
LOAD ./Drivers/STM32F4xx_HAL_Driver/Src/stm32f4xx_hal_rcc_ex.o
LOAD ./Drivers/STM32F4xx_HAL_Driver/Src/stm32f4xx_hal_tim.o
LOAD ./Drivers/STM32F4xx_HAL_Driver/Src/stm32f4xx_hal_tim_ex.o
LOAD ./Drivers/STM32F4xx_HAL_Driver/Src/stm32f4xx_ll_adc.o
LOAD ./Drivers/STM32F4xx_HAL_Driver/Src/stm32f4xx_ll_usb.o
LOAD ./Middlewares/ST/STM32_USB_Device_Library/Class/CDC/Src/usbd_cdc.o
LOAD ./Middlewares/ST/STM32_USB_Device_Library/Core/Src/usbd_core.o
LOAD ./Middlewares/ST/STM32_USB_Device_Library/Core/Src/usbd_ctlreq.o
LOAD ./Middlewares/ST/STM32_USB_Device_Library/Core/Src/usbd_ioreq.o
LOAD ./USB_DEVICE/App/usb_device.o
LOAD ./USB_DEVICE/App/usbd_cdc_if.o
LOAD ./USB_DEVICE/App/usbd_desc.o
LOAD ./USB_DEVICE/Target/usbd_conf.o
START GROUP
LOAD C:/ST/STM32CubeIDE_1.15.0/STM32CubeIDE/plugins/com.st.stm32cube.ide.mcu.externaltools.gnu-tools-for-stm32.12.3.rel1.win32_1.0.100.202403111256/tools/bin/../lib/gcc/arm-none-eabi/12.3.1/../../../../arm-none-eabi/lib/thumb/v7e-m+fp/hard\libc_nano.a
LOAD C:/ST/STM32CubeIDE_1.15.0/STM32CubeIDE/plugins/com.st.stm32cube.ide.mcu.externaltools.gnu-tools-for-stm32.12.3.rel1.win32_1.0.100.202403111256/tools/bin/../lib/gcc/arm-none-eabi/12.3.1/../../../../arm-none-eabi/lib/thumb/v7e-m+fp/hard\libm.a
END GROUP
START GROUP
LOAD C:/ST/STM32CubeIDE_1.15.0/STM32CubeIDE/plugins/com.st.stm32cube.ide.mcu.externaltools.gnu-tools-for-stm32.12.3.rel1.win32_1.0.100.202403111256/tools/bin/../lib/gcc/arm-none-eabi/12.3.1/thumb/v7e-m+fp/hard\libgcc.a
LOAD C:/ST/STM32CubeIDE_1.15.0/STM32CubeIDE/plugins/com.st.stm32cube.ide.mcu.externaltools.gnu-tools-for-stm32.12.3.rel1.win32_1.0.100.202403111256/tools/bin/../lib/gcc/arm-none-eabi/12.3.1/../../../../arm-none-eabi/lib/thumb/v7e-m+fp/hard\libc_nano.a
END GROUP
START GROUP
LOAD C:/ST/STM32CubeIDE_1.15.0/STM32CubeIDE/plugins/com.st.stm32cube.ide.mcu.externaltools.gnu-tools-for-stm32.12.3.rel1.win32_1.0.100.202403111256/tools/bin/../lib/gcc/arm-none-eabi/12.3.1/thumb/v7e-m+fp/hard\libgcc.a
LOAD C:/ST/STM32CubeIDE_1.15.0/STM32CubeIDE/plugins/com.st.stm32cube.ide.mcu.externaltools.gnu-tools-for-stm32.12.3.rel1.win32_1.0.100.202403111256/tools/bin/../lib/gcc/arm-none-eabi/12.3.1/../../../../arm-none-eabi/lib/thumb/v7e-m+fp/hard\libc_nano.a
LOAD C:/ST/STM32CubeIDE_1.15.0/STM32CubeIDE/plugins/com.st.stm32cube.ide.mcu.externaltools.gnu-tools-for-stm32.12.3.rel1.win32_1.0.100.202403111256/tools/bin/../lib/gcc/arm-none-eabi/12.3.1/../../../../arm-none-eabi/lib/thumb/v7e-m+fp/hard\libnosys.a
END GROUP
START GROUP
LOAD C:/ST/STM32CubeIDE_1.15.0/STM32CubeIDE/plugins/com.st.stm32cube.ide.mcu.externaltools.gnu-tools-for-stm32.12.3.rel1.win32_1.0.100.202403111256/tools/bin/../lib/gcc/arm-none-eabi/12.3.1/thumb/v7e-m+fp/hard\libgcc.a
LOAD C:/ST/STM32CubeIDE_1.15.0/STM32CubeIDE/plugins/com.st.stm32cube.ide.mcu.externaltools.gnu-tools-for-stm32.12.3.rel1.win32_1.0.100.202403111256/tools/bin/../lib/gcc/arm-none-eabi/12.3.1/../../../../arm-none-eabi/lib/thumb/v7e-m+fp/hard\libc_nano.a
LOAD C:/ST/STM32CubeIDE_1.15.0/STM32CubeIDE/plugins/com.st.stm32cube.ide.mcu.externaltools.gnu-tools-for-stm32.12.3.rel1.win32_1.0.100.202403111256/tools/bin/../lib/gcc/arm-none-eabi/12.3.1/../../../../arm-none-eabi/lib/thumb/v7e-m+fp/hard\libnosys.a
END GROUP
LOAD C:/ST/STM32CubeIDE_1.15.0/STM32CubeIDE/plugins/com.st.stm32cube.ide.mcu.externaltools.gnu-tools-for-stm32.12.3.rel1.win32_1.0.100.202403111256/tools/bin/../lib/gcc/arm-none-eabi/12.3.1/thumb/v7e-m+fp/hard/crtend.o
LOAD C:/ST/STM32CubeIDE_1.15.0/STM32CubeIDE/plugins/com.st.stm32cube.ide.mcu.externaltools.gnu-tools-for-stm32.12.3.rel1.win32_1.0.100.202403111256/tools/bin/../lib/gcc/arm-none-eabi/12.3.1/thumb/v7e-m+fp/hard/crtn.o
                0x20010000                        _estack = (ORIGIN (RAM) + LENGTH (RAM))
                0x00000200                        _Min_Heap_Size = 0x200
                0x00000400                        _Min_Stack_Size = 0x400

.isr_vector     0x08000000      0x194
                0x08000000                        . = ALIGN (0x4)
 *(.isr_vector)
 .isr_vector    0x08000000      0x194 ./Core/Startup/startup_stm32f401ccux.o
                0x08000000                g_pfnVectors
                0x08000194                        . = ALIGN (0x4)

.text           0x080001a0     0x9fd8
                0x080001a0                        . = ALIGN (0x4)
 *(.text)
 .text          0x080001a0       0x40 C:/ST/STM32CubeIDE_1.15.0/STM32CubeIDE/plugins/com.st.stm32cube.ide.mcu.externaltools.gnu-tools-for-stm32.12.3.rel1.win32_1.0.100.202403111256/tools/bin/../lib/gcc/arm-none-eabi/12.3.1/thumb/v7e-m+fp/hard/crtbegin.o
 .text          0x080001e0       0xa0 C:/ST/STM32CubeIDE_1.15.0/STM32CubeIDE/plugins/com.st.stm32cube.ide.mcu.externaltools.gnu-tools-for-stm32.12.3.rel1.win32_1.0.100.202403111256/tools/bin/../lib/gcc/arm-none-eabi/12.3.1/../../../../arm-none-eabi/lib/thumb/v7e-m+fp/hard\libc_nano.a(libc_a-memchr.o)
                0x080001e0                memchr
 .text          0x08000280       0x30 C:/ST/STM32CubeIDE_1.15.0/STM32CubeIDE/plugins/com.st.stm32cube.ide.mcu.externaltools.gnu-tools-for-stm32.12.3.rel1.win32_1.0.100.202403111256/tools/bin/../lib/gcc/arm-none-eabi/12.3.1/thumb/v7e-m+fp/hard\libgcc.a(_aeabi_uldivmod.o)
                0x08000280                __aeabi_uldivmod
 .text          0x080002b0      0x2bc C:/ST/STM32CubeIDE_1.15.0/STM32CubeIDE/plugins/com.st.stm32cube.ide.mcu.externaltools.gnu-tools-for-stm32.12.3.rel1.win32_1.0.100.202403111256/tools/bin/../lib/gcc/arm-none-eabi/12.3.1/thumb/v7e-m+fp/hard\libgcc.a(_udivmoddi4.o)
                0x080002b0                __udivmoddi4
 .text          0x0800056c        0x4 C:/ST/STM32CubeIDE_1.15.0/STM32CubeIDE/plugins/com.st.stm32cube.ide.mcu.externaltools.gnu-tools-for-stm32.12.3.rel1.win32_1.0.100.202403111256/tools/bin/../lib/gcc/arm-none-eabi/12.3.1/thumb/v7e-m+fp/hard\libgcc.a(_dvmd_tls.o)
                0x0800056c                __aeabi_idiv0
                0x0800056c                __aeabi_ldiv0
 *(.text*)
 .text.main     0x08000570       0x70 ./Core/Src/main.o
                0x08000570                main
 .text.SystemClock_Config
                0x080005e0       0xd8 ./Core/Src/main.o
                0x080005e0                SystemClock_Config
 .text.MX_ADC1_Init
                0x080006b8       0xa4 ./Core/Src/main.o
 .text.MX_TIM2_Init
                0x0800075c      0x10c ./Core/Src/main.o
 .text.MX_TIM3_Init
                0x08000868       0xec ./Core/Src/main.o
 .text.MX_TIM4_Init
                0x08000954       0xe4 ./Core/Src/main.o
 .text.MX_TIM5_Init
                0x08000a38      0x120 ./Core/Src/main.o
 .text.MX_DMA_Init
                0x08000b58       0x40 ./Core/Src/main.o
 .text.MX_GPIO_Init
                0x08000b98       0x50 ./Core/Src/main.o
 .text.SingleCapture
                0x08000be8       0xdc ./Core/Src/main.o
                0x08000be8                SingleCapture
 .text.HAL_ADC_ConvCpltCallback
                0x08000cc4       0x20 ./Core/Src/main.o
                0x08000cc4                HAL_ADC_ConvCpltCallback
 .text.HAL_TIM_PWM_PulseFinishedCallback
                0x08000ce4       0x28 ./Core/Src/main.o
                0x08000ce4                HAL_TIM_PWM_PulseFinishedCallback
 .text.CDCReceiveCallback
                0x08000d0c       0x3c ./Core/Src/main.o
                0x08000d0c                CDCReceiveCallback
 .text.InitializeHeaderFooter
                0x08000d48       0xb8 ./Core/Src/main.o
                0x08000d48                InitializeHeaderFooter
 .text.Error_Handler
                0x08000e00        0xc ./Core/Src/main.o
                0x08000e00                Error_Handler
 .text.HAL_MspInit
                0x08000e0c       0x50 ./Core/Src/stm32f4xx_hal_msp.o
                0x08000e0c                HAL_MspInit
 .text.HAL_ADC_MspInit
                0x08000e5c       0xec ./Core/Src/stm32f4xx_hal_msp.o
                0x08000e5c                HAL_ADC_MspInit
 .text.HAL_TIM_Base_MspInit
                0x08000f48       0xd0 ./Core/Src/stm32f4xx_hal_msp.o
                0x08000f48                HAL_TIM_Base_MspInit
 .text.HAL_TIM_MspPostInit
                0x08001018      0x108 ./Core/Src/stm32f4xx_hal_msp.o
                0x08001018                HAL_TIM_MspPostInit
 .text.NMI_Handler
                0x08001120        0x8 ./Core/Src/stm32f4xx_it.o
                0x08001120                NMI_Handler
 .text.HardFault_Handler
                0x08001128        0x8 ./Core/Src/stm32f4xx_it.o
                0x08001128                HardFault_Handler
 .text.MemManage_Handler
                0x08001130        0x8 ./Core/Src/stm32f4xx_it.o
                0x08001130                MemManage_Handler
 .text.BusFault_Handler
                0x08001138        0x8 ./Core/Src/stm32f4xx_it.o
                0x08001138                BusFault_Handler
 .text.UsageFault_Handler
                0x08001140        0x8 ./Core/Src/stm32f4xx_it.o
                0x08001140                UsageFault_Handler
 .text.SVC_Handler
                0x08001148        0xe ./Core/Src/stm32f4xx_it.o
                0x08001148                SVC_Handler
 .text.DebugMon_Handler
                0x08001156        0xe ./Core/Src/stm32f4xx_it.o
                0x08001156                DebugMon_Handler
 .text.PendSV_Handler
                0x08001164        0xe ./Core/Src/stm32f4xx_it.o
                0x08001164                PendSV_Handler
 .text.SysTick_Handler
                0x08001172        0xc ./Core/Src/stm32f4xx_it.o
                0x08001172                SysTick_Handler
 *fill*         0x0800117e        0x2 
 .text.TIM2_IRQHandler
                0x08001180       0x14 ./Core/Src/stm32f4xx_it.o
                0x08001180                TIM2_IRQHandler
 .text.DMA2_Stream0_IRQHandler
                0x08001194       0x14 ./Core/Src/stm32f4xx_it.o
                0x08001194                DMA2_Stream0_IRQHandler
 .text.OTG_FS_IRQHandler
                0x080011a8       0x14 ./Core/Src/stm32f4xx_it.o
                0x080011a8                OTG_FS_IRQHandler
 .text._sbrk    0x080011bc       0x6c ./Core/Src/sysmem.o
                0x080011bc                _sbrk
 .text.SystemInit
                0x08001228       0x24 ./Core/Src/system_stm32f4xx.o
                0x08001228                SystemInit
 .text.Reset_Handler
                0x0800124c       0x50 ./Core/Startup/startup_stm32f401ccux.o
                0x0800124c                Reset_Handler
 .text.Default_Handler
                0x0800129c        0x2 ./Core/Startup/startup_stm32f401ccux.o
                0x0800129c                RTC_Alarm_IRQHandler
                0x0800129c                EXTI2_IRQHandler
                0x0800129c                SPI4_IRQHandler
                0x0800129c                TIM1_CC_IRQHandler
                0x0800129c                DMA2_Stream5_IRQHandler
                0x0800129c                DMA1_Stream5_IRQHandler
                0x0800129c                PVD_IRQHandler
                0x0800129c                SDIO_IRQHandler
                0x0800129c                TAMP_STAMP_IRQHandler
                0x0800129c                EXTI3_IRQHandler
                0x0800129c                TIM1_UP_TIM10_IRQHandler
                0x0800129c                I2C3_ER_IRQHandler
                0x0800129c                EXTI0_IRQHandler
                0x0800129c                I2C2_EV_IRQHandler
                0x0800129c                DMA1_Stream2_IRQHandler
                0x0800129c                FPU_IRQHandler
                0x0800129c                DMA2_Stream2_IRQHandler
                0x0800129c                SPI1_IRQHandler
                0x0800129c                TIM1_BRK_TIM9_IRQHandler
                0x0800129c                DMA2_Stream3_IRQHandler
                0x0800129c                USART6_IRQHandler
                0x0800129c                TIM4_IRQHandler
                0x0800129c                I2C1_EV_IRQHandler
                0x0800129c                DMA1_Stream6_IRQHandler
                0x0800129c                DMA1_Stream1_IRQHandler
                0x0800129c                TIM3_IRQHandler
                0x0800129c                RCC_IRQHandler
                0x0800129c                Default_Handler
                0x0800129c                EXTI15_10_IRQHandler
                0x0800129c                ADC_IRQHandler
                0x0800129c                DMA1_Stream7_IRQHandler
                0x0800129c                TIM5_IRQHandler
                0x0800129c                DMA2_Stream7_IRQHandler
                0x0800129c                I2C3_EV_IRQHandler
                0x0800129c                EXTI9_5_IRQHandler
                0x0800129c                RTC_WKUP_IRQHandler
                0x0800129c                SPI2_IRQHandler
                0x0800129c                DMA1_Stream0_IRQHandler
                0x0800129c                EXTI4_IRQHandler
                0x0800129c                WWDG_IRQHandler
                0x0800129c                OTG_FS_WKUP_IRQHandler
                0x0800129c                TIM1_TRG_COM_TIM11_IRQHandler
                0x0800129c                EXTI1_IRQHandler
                0x0800129c                USART2_IRQHandler
                0x0800129c                I2C2_ER_IRQHandler
                0x0800129c                DMA2_Stream1_IRQHandler
                0x0800129c                FLASH_IRQHandler
                0x0800129c                DMA2_Stream4_IRQHandler
                0x0800129c                USART1_IRQHandler
                0x0800129c                SPI3_IRQHandler
                0x0800129c                DMA1_Stream4_IRQHandler
                0x0800129c                I2C1_ER_IRQHandler
                0x0800129c                DMA2_Stream6_IRQHandler
                0x0800129c                DMA1_Stream3_IRQHandler
 *fill*         0x0800129e        0x2 
 .text.HAL_Init
                0x080012a0       0x44 ./Drivers/STM32F4xx_HAL_Driver/Src/stm32f4xx_hal.o
                0x080012a0                HAL_Init
 .text.HAL_InitTick
                0x080012e4       0x60 ./Drivers/STM32F4xx_HAL_Driver/Src/stm32f4xx_hal.o
                0x080012e4                HAL_InitTick
 .text.HAL_IncTick
                0x08001344       0x28 ./Drivers/STM32F4xx_HAL_Driver/Src/stm32f4xx_hal.o
                0x08001344                HAL_IncTick
 .text.HAL_GetTick
                0x0800136c       0x18 ./Drivers/STM32F4xx_HAL_Driver/Src/stm32f4xx_hal.o
                0x0800136c                HAL_GetTick
 .text.HAL_Delay
                0x08001384       0x48 ./Drivers/STM32F4xx_HAL_Driver/Src/stm32f4xx_hal.o
                0x08001384                HAL_Delay
 .text.HAL_ADC_Init
                0x080013cc       0x86 ./Drivers/STM32F4xx_HAL_Driver/Src/stm32f4xx_hal_adc.o
                0x080013cc                HAL_ADC_Init
 *fill*         0x08001452        0x2 
 .text.HAL_ADC_Start_DMA
                0x08001454      0x1e0 ./Drivers/STM32F4xx_HAL_Driver/Src/stm32f4xx_hal_adc.o
                0x08001454                HAL_ADC_Start_DMA
 .text.HAL_ADC_ConvHalfCpltCallback
                0x08001634       0x14 ./Drivers/STM32F4xx_HAL_Driver/Src/stm32f4xx_hal_adc.o
                0x08001634                HAL_ADC_ConvHalfCpltCallback
 .text.HAL_ADC_ErrorCallback
                0x08001648       0x14 ./Drivers/STM32F4xx_HAL_Driver/Src/stm32f4xx_hal_adc.o
                0x08001648                HAL_ADC_ErrorCallback
 .text.HAL_ADC_ConfigChannel
                0x0800165c      0x244 ./Drivers/STM32F4xx_HAL_Driver/Src/stm32f4xx_hal_adc.o
                0x0800165c                HAL_ADC_ConfigChannel
 .text.ADC_Init
                0x080018a0      0x1f8 ./Drivers/STM32F4xx_HAL_Driver/Src/stm32f4xx_hal_adc.o
 .text.ADC_DMAConvCplt
                0x08001a98       0xba ./Drivers/STM32F4xx_HAL_Driver/Src/stm32f4xx_hal_adc.o
 .text.ADC_DMAHalfConvCplt
                0x08001b52       0x1c ./Drivers/STM32F4xx_HAL_Driver/Src/stm32f4xx_hal_adc.o
 .text.ADC_DMAError
                0x08001b6e       0x2e ./Drivers/STM32F4xx_HAL_Driver/Src/stm32f4xx_hal_adc.o
 .text.__NVIC_SetPriorityGrouping
                0x08001b9c       0x48 ./Drivers/STM32F4xx_HAL_Driver/Src/stm32f4xx_hal_cortex.o
 .text.__NVIC_GetPriorityGrouping
                0x08001be4       0x1c ./Drivers/STM32F4xx_HAL_Driver/Src/stm32f4xx_hal_cortex.o
 .text.__NVIC_EnableIRQ
                0x08001c00       0x3c ./Drivers/STM32F4xx_HAL_Driver/Src/stm32f4xx_hal_cortex.o
 .text.__NVIC_SetPriority
                0x08001c3c       0x54 ./Drivers/STM32F4xx_HAL_Driver/Src/stm32f4xx_hal_cortex.o
 .text.NVIC_EncodePriority
                0x08001c90       0x66 ./Drivers/STM32F4xx_HAL_Driver/Src/stm32f4xx_hal_cortex.o
 *fill*         0x08001cf6        0x2 
 .text.SysTick_Config
                0x08001cf8       0x44 ./Drivers/STM32F4xx_HAL_Driver/Src/stm32f4xx_hal_cortex.o
 .text.HAL_NVIC_SetPriorityGrouping
                0x08001d3c       0x16 ./Drivers/STM32F4xx_HAL_Driver/Src/stm32f4xx_hal_cortex.o
                0x08001d3c                HAL_NVIC_SetPriorityGrouping
 .text.HAL_NVIC_SetPriority
                0x08001d52       0x38 ./Drivers/STM32F4xx_HAL_Driver/Src/stm32f4xx_hal_cortex.o
                0x08001d52                HAL_NVIC_SetPriority
 .text.HAL_NVIC_EnableIRQ
                0x08001d8a       0x1c ./Drivers/STM32F4xx_HAL_Driver/Src/stm32f4xx_hal_cortex.o
                0x08001d8a                HAL_NVIC_EnableIRQ
 .text.HAL_SYSTICK_Config
                0x08001da6       0x18 ./Drivers/STM32F4xx_HAL_Driver/Src/stm32f4xx_hal_cortex.o
                0x08001da6                HAL_SYSTICK_Config
 *fill*         0x08001dbe        0x2 
 .text.HAL_DMA_Init
                0x08001dc0      0x15c ./Drivers/STM32F4xx_HAL_Driver/Src/stm32f4xx_hal_dma.o
                0x08001dc0                HAL_DMA_Init
 .text.HAL_DMA_Start_IT
                0x08001f1c       0xb0 ./Drivers/STM32F4xx_HAL_Driver/Src/stm32f4xx_hal_dma.o
                0x08001f1c                HAL_DMA_Start_IT
 .text.HAL_DMA_IRQHandler
                0x08001fcc      0x314 ./Drivers/STM32F4xx_HAL_Driver/Src/stm32f4xx_hal_dma.o
                0x08001fcc                HAL_DMA_IRQHandler
 .text.DMA_SetConfig
                0x080022e0       0x5c ./Drivers/STM32F4xx_HAL_Driver/Src/stm32f4xx_hal_dma.o
 .text.DMA_CalcBaseAndBitshift
                0x0800233c       0x6c ./Drivers/STM32F4xx_HAL_Driver/Src/stm32f4xx_hal_dma.o
 .text.DMA_CheckFifoParam
                0x080023a8       0xf8 ./Drivers/STM32F4xx_HAL_Driver/Src/stm32f4xx_hal_dma.o
 .text.HAL_GPIO_Init
                0x080024a0      0x308 ./Drivers/STM32F4xx_HAL_Driver/Src/stm32f4xx_hal_gpio.o
                0x080024a0                HAL_GPIO_Init
 .text.HAL_PCD_Init
                0x080027a8      0x21e ./Drivers/STM32F4xx_HAL_Driver/Src/stm32f4xx_hal_pcd.o
                0x080027a8                HAL_PCD_Init
 .text.HAL_PCD_Start
                0x080029c6       0x6a ./Drivers/STM32F4xx_HAL_Driver/Src/stm32f4xx_hal_pcd.o
                0x080029c6                HAL_PCD_Start
 .text.HAL_PCD_IRQHandler
                0x08002a30      0x942 ./Drivers/STM32F4xx_HAL_Driver/Src/stm32f4xx_hal_pcd.o
                0x08002a30                HAL_PCD_IRQHandler
 .text.HAL_PCD_SetAddress
                0x08003372       0x48 ./Drivers/STM32F4xx_HAL_Driver/Src/stm32f4xx_hal_pcd.o
                0x08003372                HAL_PCD_SetAddress
 .text.HAL_PCD_EP_Open
                0x080033ba       0xd0 ./Drivers/STM32F4xx_HAL_Driver/Src/stm32f4xx_hal_pcd.o
                0x080033ba                HAL_PCD_EP_Open
 .text.HAL_PCD_EP_Close
                0x0800348a       0x94 ./Drivers/STM32F4xx_HAL_Driver/Src/stm32f4xx_hal_pcd.o
                0x0800348a                HAL_PCD_EP_Close
 .text.HAL_PCD_EP_Receive
                0x0800351e       0x76 ./Drivers/STM32F4xx_HAL_Driver/Src/stm32f4xx_hal_pcd.o
                0x0800351e                HAL_PCD_EP_Receive
 .text.HAL_PCD_EP_GetRxCount
                0x08003594       0x30 ./Drivers/STM32F4xx_HAL_Driver/Src/stm32f4xx_hal_pcd.o
                0x08003594                HAL_PCD_EP_GetRxCount
 .text.HAL_PCD_EP_Transmit
                0x080035c4       0x74 ./Drivers/STM32F4xx_HAL_Driver/Src/stm32f4xx_hal_pcd.o
                0x080035c4                HAL_PCD_EP_Transmit
 .text.HAL_PCD_EP_SetStall
                0x08003638       0xc6 ./Drivers/STM32F4xx_HAL_Driver/Src/stm32f4xx_hal_pcd.o
                0x08003638                HAL_PCD_EP_SetStall
 .text.HAL_PCD_EP_ClrStall
                0x080036fe       0xac ./Drivers/STM32F4xx_HAL_Driver/Src/stm32f4xx_hal_pcd.o
                0x080036fe                HAL_PCD_EP_ClrStall
 .text.HAL_PCD_EP_Abort
                0x080037aa       0x62 ./Drivers/STM32F4xx_HAL_Driver/Src/stm32f4xx_hal_pcd.o
                0x080037aa                HAL_PCD_EP_Abort
 .text.PCD_WriteEmptyTxFifo
                0x0800380c      0x118 ./Drivers/STM32F4xx_HAL_Driver/Src/stm32f4xx_hal_pcd.o
 .text.PCD_EP_OutXfrComplete_int
                0x08003924      0x1d0 ./Drivers/STM32F4xx_HAL_Driver/Src/stm32f4xx_hal_pcd.o
 .text.PCD_EP_OutSetupPacket_int
                0x08003af4       0x8c ./Drivers/STM32F4xx_HAL_Driver/Src/stm32f4xx_hal_pcd.o
 .text.HAL_PCDEx_SetTxFiFo
                0x08003b80       0x8e ./Drivers/STM32F4xx_HAL_Driver/Src/stm32f4xx_hal_pcd_ex.o
                0x08003b80                HAL_PCDEx_SetTxFiFo
 .text.HAL_PCDEx_SetRxFiFo
                0x08003c0e       0x22 ./Drivers/STM32F4xx_HAL_Driver/Src/stm32f4xx_hal_pcd_ex.o
                0x08003c0e                HAL_PCDEx_SetRxFiFo
 .text.HAL_PCDEx_LPM_Callback
                0x08003c30       0x18 ./Drivers/STM32F4xx_HAL_Driver/Src/stm32f4xx_hal_pcd_ex.o
                0x08003c30                HAL_PCDEx_LPM_Callback
 .text.HAL_RCC_OscConfig
                0x08003c48      0x4f0 ./Drivers/STM32F4xx_HAL_Driver/Src/stm32f4xx_hal_rcc.o
                0x08003c48                HAL_RCC_OscConfig
 .text.HAL_RCC_ClockConfig
                0x08004138      0x1cc ./Drivers/STM32F4xx_HAL_Driver/Src/stm32f4xx_hal_rcc.o
                0x08004138                HAL_RCC_ClockConfig
 .text.HAL_RCC_GetSysClockFreq
                0x08004304      0x18c ./Drivers/STM32F4xx_HAL_Driver/Src/stm32f4xx_hal_rcc.o
                0x08004304                HAL_RCC_GetSysClockFreq
 .text.HAL_RCC_GetHCLKFreq
                0x08004490       0x18 ./Drivers/STM32F4xx_HAL_Driver/Src/stm32f4xx_hal_rcc.o
                0x08004490                HAL_RCC_GetHCLKFreq
 .text.HAL_TIM_Base_Init
                0x080044a8       0x9e ./Drivers/STM32F4xx_HAL_Driver/Src/stm32f4xx_hal_tim.o
                0x080044a8                HAL_TIM_Base_Init
 .text.HAL_TIM_PWM_Init
                0x08004546       0x9e ./Drivers/STM32F4xx_HAL_Driver/Src/stm32f4xx_hal_tim.o
                0x08004546                HAL_TIM_PWM_Init
 .text.HAL_TIM_PWM_MspInit
                0x080045e4       0x14 ./Drivers/STM32F4xx_HAL_Driver/Src/stm32f4xx_hal_tim.o
                0x080045e4                HAL_TIM_PWM_MspInit
 .text.HAL_TIM_PWM_Start
                0x080045f8      0x160 ./Drivers/STM32F4xx_HAL_Driver/Src/stm32f4xx_hal_tim.o
                0x080045f8                HAL_TIM_PWM_Start
 .text.HAL_TIM_PWM_Stop
                0x08004758       0xc8 ./Drivers/STM32F4xx_HAL_Driver/Src/stm32f4xx_hal_tim.o
                0x08004758                HAL_TIM_PWM_Stop
 .text.HAL_TIM_PWM_Start_IT
                0x08004820      0x1fc ./Drivers/STM32F4xx_HAL_Driver/Src/stm32f4xx_hal_tim.o
                0x08004820                HAL_TIM_PWM_Start_IT
 .text.HAL_TIM_IRQHandler
                0x08004a1c      0x1e0 ./Drivers/STM32F4xx_HAL_Driver/Src/stm32f4xx_hal_tim.o
                0x08004a1c                HAL_TIM_IRQHandler
 .text.HAL_TIM_PWM_ConfigChannel
                0x08004bfc      0x184 ./Drivers/STM32F4xx_HAL_Driver/Src/stm32f4xx_hal_tim.o
                0x08004bfc                HAL_TIM_PWM_ConfigChannel
 .text.HAL_TIM_ConfigClockSource
                0x08004d80      0x18e ./Drivers/STM32F4xx_HAL_Driver/Src/stm32f4xx_hal_tim.o
                0x08004d80                HAL_TIM_ConfigClockSource
 .text.HAL_TIM_SlaveConfigSynchro
                0x08004f0e       0x84 ./Drivers/STM32F4xx_HAL_Driver/Src/stm32f4xx_hal_tim.o
                0x08004f0e                HAL_TIM_SlaveConfigSynchro
 .text.HAL_TIM_PeriodElapsedCallback
                0x08004f92       0x14 ./Drivers/STM32F4xx_HAL_Driver/Src/stm32f4xx_hal_tim.o
                0x08004f92                HAL_TIM_PeriodElapsedCallback
 .text.HAL_TIM_OC_DelayElapsedCallback
                0x08004fa6       0x14 ./Drivers/STM32F4xx_HAL_Driver/Src/stm32f4xx_hal_tim.o
                0x08004fa6                HAL_TIM_OC_DelayElapsedCallback
 .text.HAL_TIM_IC_CaptureCallback
                0x08004fba       0x14 ./Drivers/STM32F4xx_HAL_Driver/Src/stm32f4xx_hal_tim.o
                0x08004fba                HAL_TIM_IC_CaptureCallback
 .text.HAL_TIM_TriggerCallback
                0x08004fce       0x14 ./Drivers/STM32F4xx_HAL_Driver/Src/stm32f4xx_hal_tim.o
                0x08004fce                HAL_TIM_TriggerCallback
 *fill*         0x08004fe2        0x2 
 .text.TIM_Base_SetConfig
                0x08004fe4      0x118 ./Drivers/STM32F4xx_HAL_Driver/Src/stm32f4xx_hal_tim.o
                0x08004fe4                TIM_Base_SetConfig
 .text.TIM_OC1_SetConfig
                0x080050fc       0xcc ./Drivers/STM32F4xx_HAL_Driver/Src/stm32f4xx_hal_tim.o
 .text.TIM_OC2_SetConfig
                0x080051c8       0xd8 ./Drivers/STM32F4xx_HAL_Driver/Src/stm32f4xx_hal_tim.o
                0x080051c8                TIM_OC2_SetConfig
 .text.TIM_OC3_SetConfig
                0x080052a0       0xd4 ./Drivers/STM32F4xx_HAL_Driver/Src/stm32f4xx_hal_tim.o
 .text.TIM_OC4_SetConfig
                0x08005374       0xa0 ./Drivers/STM32F4xx_HAL_Driver/Src/stm32f4xx_hal_tim.o
 .text.TIM_SlaveTimer_SetConfig
                0x08005414      0x122 ./Drivers/STM32F4xx_HAL_Driver/Src/stm32f4xx_hal_tim.o
 .text.TIM_TI1_ConfigInputStage
                0x08005536       0x5e ./Drivers/STM32F4xx_HAL_Driver/Src/stm32f4xx_hal_tim.o
 .text.TIM_TI2_ConfigInputStage
                0x08005594       0x60 ./Drivers/STM32F4xx_HAL_Driver/Src/stm32f4xx_hal_tim.o
 .text.TIM_ITRx_SetConfig
                0x080055f4       0x36 ./Drivers/STM32F4xx_HAL_Driver/Src/stm32f4xx_hal_tim.o
 .text.TIM_ETR_SetConfig
                0x0800562a       0x40 ./Drivers/STM32F4xx_HAL_Driver/Src/stm32f4xx_hal_tim.o
                0x0800562a                TIM_ETR_SetConfig
 .text.TIM_CCxChannelCmd
                0x0800566a       0x4a ./Drivers/STM32F4xx_HAL_Driver/Src/stm32f4xx_hal_tim.o
                0x0800566a                TIM_CCxChannelCmd
 .text.HAL_TIMEx_MasterConfigSynchronization
                0x080056b4       0xdc ./Drivers/STM32F4xx_HAL_Driver/Src/stm32f4xx_hal_tim_ex.o
                0x080056b4                HAL_TIMEx_MasterConfigSynchronization
 .text.HAL_TIMEx_CommutCallback
                0x08005790       0x14 ./Drivers/STM32F4xx_HAL_Driver/Src/stm32f4xx_hal_tim_ex.o
                0x08005790                HAL_TIMEx_CommutCallback
 .text.HAL_TIMEx_BreakCallback
                0x080057a4       0x14 ./Drivers/STM32F4xx_HAL_Driver/Src/stm32f4xx_hal_tim_ex.o
                0x080057a4                HAL_TIMEx_BreakCallback
 .text.USB_CoreInit
                0x080057b8       0xc8 ./Drivers/STM32F4xx_HAL_Driver/Src/stm32f4xx_ll_usb.o
                0x080057b8                USB_CoreInit
 .text.USB_SetTurnaroundTime
                0x08005880      0x144 ./Drivers/STM32F4xx_HAL_Driver/Src/stm32f4xx_ll_usb.o
                0x08005880                USB_SetTurnaroundTime
 .text.USB_EnableGlobalInt
                0x080059c4       0x22 ./Drivers/STM32F4xx_HAL_Driver/Src/stm32f4xx_ll_usb.o
                0x080059c4                USB_EnableGlobalInt
 .text.USB_DisableGlobalInt
                0x080059e6       0x22 ./Drivers/STM32F4xx_HAL_Driver/Src/stm32f4xx_ll_usb.o
                0x080059e6                USB_DisableGlobalInt
 .text.USB_SetCurrentMode
                0x08005a08       0x98 ./Drivers/STM32F4xx_HAL_Driver/Src/stm32f4xx_ll_usb.o
                0x08005a08                USB_SetCurrentMode
 .text.USB_DevInit
                0x08005aa0      0x2c8 ./Drivers/STM32F4xx_HAL_Driver/Src/stm32f4xx_ll_usb.o
                0x08005aa0                USB_DevInit
 .text.USB_FlushTxFifo
                0x08005d68       0x64 ./Drivers/STM32F4xx_HAL_Driver/Src/stm32f4xx_ll_usb.o
                0x08005d68                USB_FlushTxFifo
 .text.USB_FlushRxFifo
                0x08005dcc       0x5c ./Drivers/STM32F4xx_HAL_Driver/Src/stm32f4xx_ll_usb.o
                0x08005dcc                USB_FlushRxFifo
 .text.USB_SetDevSpeed
                0x08005e28       0x32 ./Drivers/STM32F4xx_HAL_Driver/Src/stm32f4xx_ll_usb.o
                0x08005e28                USB_SetDevSpeed
 .text.USB_GetDevSpeed
                0x08005e5a       0x4a ./Drivers/STM32F4xx_HAL_Driver/Src/stm32f4xx_ll_usb.o
                0x08005e5a                USB_GetDevSpeed
 .text.USB_ActivateEndpoint
                0x08005ea4      0x10e ./Drivers/STM32F4xx_HAL_Driver/Src/stm32f4xx_ll_usb.o
                0x08005ea4                USB_ActivateEndpoint
 *fill*         0x08005fb2        0x2 
 .text.USB_DeactivateEndpoint
                0x08005fb4      0x1b8 ./Drivers/STM32F4xx_HAL_Driver/Src/stm32f4xx_ll_usb.o
                0x08005fb4                USB_DeactivateEndpoint
 .text.USB_EPStartXfer
                0x0800616c      0x530 ./Drivers/STM32F4xx_HAL_Driver/Src/stm32f4xx_ll_usb.o
                0x0800616c                USB_EPStartXfer
 .text.USB_EPStopXfer
                0x0800669c      0x154 ./Drivers/STM32F4xx_HAL_Driver/Src/stm32f4xx_ll_usb.o
                0x0800669c                USB_EPStopXfer
 .text.USB_WritePacket
                0x080067f0       0x7c ./Drivers/STM32F4xx_HAL_Driver/Src/stm32f4xx_ll_usb.o
                0x080067f0                USB_WritePacket
 .text.USB_ReadPacket
                0x0800686c       0xb0 ./Drivers/STM32F4xx_HAL_Driver/Src/stm32f4xx_ll_usb.o
                0x0800686c                USB_ReadPacket
 .text.USB_EPSetStall
                0x0800691c       0xdc ./Drivers/STM32F4xx_HAL_Driver/Src/stm32f4xx_ll_usb.o
                0x0800691c                USB_EPSetStall
 .text.USB_EPClearStall
                0x080069f8       0xcc ./Drivers/STM32F4xx_HAL_Driver/Src/stm32f4xx_ll_usb.o
                0x080069f8                USB_EPClearStall
 .text.USB_SetDevAddress
                0x08006ac4       0x4c ./Drivers/STM32F4xx_HAL_Driver/Src/stm32f4xx_ll_usb.o
                0x08006ac4                USB_SetDevAddress
 .text.USB_DevConnect
                0x08006b10       0x42 ./Drivers/STM32F4xx_HAL_Driver/Src/stm32f4xx_ll_usb.o
                0x08006b10                USB_DevConnect
 .text.USB_DevDisconnect
                0x08006b52       0x42 ./Drivers/STM32F4xx_HAL_Driver/Src/stm32f4xx_ll_usb.o
                0x08006b52                USB_DevDisconnect
 .text.USB_ReadInterrupts
                0x08006b94       0x26 ./Drivers/STM32F4xx_HAL_Driver/Src/stm32f4xx_ll_usb.o
                0x08006b94                USB_ReadInterrupts
 .text.USB_ReadDevAllOutEpInterrupt
                0x08006bba       0x34 ./Drivers/STM32F4xx_HAL_Driver/Src/stm32f4xx_ll_usb.o
                0x08006bba                USB_ReadDevAllOutEpInterrupt
 .text.USB_ReadDevAllInEpInterrupt
                0x08006bee       0x34 ./Drivers/STM32F4xx_HAL_Driver/Src/stm32f4xx_ll_usb.o
                0x08006bee                USB_ReadDevAllInEpInterrupt
 .text.USB_ReadDevOutEPInterrupt
                0x08006c22       0x3c ./Drivers/STM32F4xx_HAL_Driver/Src/stm32f4xx_ll_usb.o
                0x08006c22                USB_ReadDevOutEPInterrupt
 .text.USB_ReadDevInEPInterrupt
                0x08006c5e       0x5c ./Drivers/STM32F4xx_HAL_Driver/Src/stm32f4xx_ll_usb.o
                0x08006c5e                USB_ReadDevInEPInterrupt
 .text.USB_GetMode
                0x08006cba       0x1c ./Drivers/STM32F4xx_HAL_Driver/Src/stm32f4xx_ll_usb.o
                0x08006cba                USB_GetMode
 .text.USB_ActivateSetup
                0x08006cd6       0x46 ./Drivers/STM32F4xx_HAL_Driver/Src/stm32f4xx_ll_usb.o
                0x08006cd6                USB_ActivateSetup
 .text.USB_EP0_OutStart
                0x08006d1c       0xbc ./Drivers/STM32F4xx_HAL_Driver/Src/stm32f4xx_ll_usb.o
                0x08006d1c                USB_EP0_OutStart
 .text.USB_CoreReset
                0x08006dd8       0x62 ./Drivers/STM32F4xx_HAL_Driver/Src/stm32f4xx_ll_usb.o
 *fill*         0x08006e3a        0x2 
 .text.USBD_CDC_Init
                0x08006e3c      0x1f0 ./Middlewares/ST/STM32_USB_Device_Library/Class/CDC/Src/usbd_cdc.o
 .text.USBD_CDC_DeInit
                0x0800702c      0x104 ./Middlewares/ST/STM32_USB_Device_Library/Class/CDC/Src/usbd_cdc.o
 .text.USBD_CDC_Setup
                0x08007130      0x1b8 ./Middlewares/ST/STM32_USB_Device_Library/Class/CDC/Src/usbd_cdc.o
 .text.USBD_CDC_DataIn
                0x080072e8       0xfe ./Middlewares/ST/STM32_USB_Device_Library/Class/CDC/Src/usbd_cdc.o
 .text.USBD_CDC_DataOut
                0x080073e6       0x70 ./Middlewares/ST/STM32_USB_Device_Library/Class/CDC/Src/usbd_cdc.o
 .text.USBD_CDC_EP0_RxReady
                0x08007456       0x74 ./Middlewares/ST/STM32_USB_Device_Library/Class/CDC/Src/usbd_cdc.o
 *fill*         0x080074ca        0x2 
 .text.USBD_CDC_GetFSCfgDesc
                0x080074cc       0x70 ./Middlewares/ST/STM32_USB_Device_Library/Class/CDC/Src/usbd_cdc.o
 .text.USBD_CDC_GetHSCfgDesc
                0x0800753c       0x70 ./Middlewares/ST/STM32_USB_Device_Library/Class/CDC/Src/usbd_cdc.o
 .text.USBD_CDC_GetOtherSpeedCfgDesc
                0x080075ac       0x70 ./Middlewares/ST/STM32_USB_Device_Library/Class/CDC/Src/usbd_cdc.o
 .text.USBD_CDC_GetDeviceQualifierDescriptor
                0x0800761c       0x20 ./Middlewares/ST/STM32_USB_Device_Library/Class/CDC/Src/usbd_cdc.o
                0x0800761c                USBD_CDC_GetDeviceQualifierDescriptor
 .text.USBD_CDC_RegisterInterface
                0x0800763c       0x34 ./Middlewares/ST/STM32_USB_Device_Library/Class/CDC/Src/usbd_cdc.o
                0x0800763c                USBD_CDC_RegisterInterface
 .text.USBD_CDC_SetTxBuffer
                0x08007670       0x44 ./Middlewares/ST/STM32_USB_Device_Library/Class/CDC/Src/usbd_cdc.o
                0x08007670                USBD_CDC_SetTxBuffer
 .text.USBD_CDC_SetRxBuffer
                0x080076b4       0x3a ./Middlewares/ST/STM32_USB_Device_Library/Class/CDC/Src/usbd_cdc.o
                0x080076b4                USBD_CDC_SetRxBuffer
 *fill*         0x080076ee        0x2 
 .text.USBD_CDC_TransmitPacket
                0x080076f0       0x80 ./Middlewares/ST/STM32_USB_Device_Library/Class/CDC/Src/usbd_cdc.o
                0x080076f0                USBD_CDC_TransmitPacket
 .text.USBD_CDC_ReceivePacket
                0x08007770       0x6c ./Middlewares/ST/STM32_USB_Device_Library/Class/CDC/Src/usbd_cdc.o
                0x08007770                USBD_CDC_ReceivePacket
 .text.USBD_Init
                0x080077dc       0x60 ./Middlewares/ST/STM32_USB_Device_Library/Core/Src/usbd_core.o
                0x080077dc                USBD_Init
 .text.USBD_RegisterClass
                0x0800783c       0x6c ./Middlewares/ST/STM32_USB_Device_Library/Core/Src/usbd_core.o
                0x0800783c                USBD_RegisterClass
 .text.USBD_Start
                0x080078a8       0x18 ./Middlewares/ST/STM32_USB_Device_Library/Core/Src/usbd_core.o
                0x080078a8                USBD_Start
 .text.USBD_RunTestMode
                0x080078c0       0x16 ./Middlewares/ST/STM32_USB_Device_Library/Core/Src/usbd_core.o
                0x080078c0                USBD_RunTestMode
 .text.USBD_SetClassConfig
                0x080078d6       0x38 ./Middlewares/ST/STM32_USB_Device_Library/Core/Src/usbd_core.o
                0x080078d6                USBD_SetClassConfig
 .text.USBD_ClrClassConfig
                0x0800790e       0x34 ./Middlewares/ST/STM32_USB_Device_Library/Core/Src/usbd_core.o
                0x0800790e                USBD_ClrClassConfig
 .text.USBD_LL_SetupStage
                0x08007942       0xaa ./Middlewares/ST/STM32_USB_Device_Library/Core/Src/usbd_core.o
                0x08007942                USBD_LL_SetupStage
 .text.USBD_LL_DataOutStage
                0x080079ec      0x166 ./Middlewares/ST/STM32_USB_Device_Library/Core/Src/usbd_core.o
                0x080079ec                USBD_LL_DataOutStage
 .text.USBD_LL_DataInStage
                0x08007b52      0x164 ./Middlewares/ST/STM32_USB_Device_Library/Core/Src/usbd_core.o
                0x08007b52                USBD_LL_DataInStage
 .text.USBD_LL_Reset
                0x08007cb6       0xa4 ./Middlewares/ST/STM32_USB_Device_Library/Core/Src/usbd_core.o
                0x08007cb6                USBD_LL_Reset
 .text.USBD_LL_SetSpeed
                0x08007d5a       0x20 ./Middlewares/ST/STM32_USB_Device_Library/Core/Src/usbd_core.o
                0x08007d5a                USBD_LL_SetSpeed
 .text.USBD_LL_Suspend
                0x08007d7a       0x38 ./Middlewares/ST/STM32_USB_Device_Library/Core/Src/usbd_core.o
                0x08007d7a                USBD_LL_Suspend
 .text.USBD_LL_Resume
                0x08007db2       0x30 ./Middlewares/ST/STM32_USB_Device_Library/Core/Src/usbd_core.o
                0x08007db2                USBD_LL_Resume
 .text.USBD_LL_SOF
                0x08007de2       0x40 ./Middlewares/ST/STM32_USB_Device_Library/Core/Src/usbd_core.o
                0x08007de2                USBD_LL_SOF
 .text.USBD_LL_IsoINIncomplete
                0x08007e22       0x64 ./Middlewares/ST/STM32_USB_Device_Library/Core/Src/usbd_core.o
                0x08007e22                USBD_LL_IsoINIncomplete
 .text.USBD_LL_IsoOUTIncomplete
                0x08007e86       0x64 ./Middlewares/ST/STM32_USB_Device_Library/Core/Src/usbd_core.o
                0x08007e86                USBD_LL_IsoOUTIncomplete
 .text.USBD_LL_DevConnected
                0x08007eea       0x16 ./Middlewares/ST/STM32_USB_Device_Library/Core/Src/usbd_core.o
                0x08007eea                USBD_LL_DevConnected
 .text.USBD_LL_DevDisconnected
                0x08007f00       0x46 ./Middlewares/ST/STM32_USB_Device_Library/Core/Src/usbd_core.o
                0x08007f00                USBD_LL_DevDisconnected
 .text.USBD_CoreFindIF
                0x08007f46       0x1a ./Middlewares/ST/STM32_USB_Device_Library/Core/Src/usbd_core.o
                0x08007f46                USBD_CoreFindIF
 .text.USBD_CoreFindEP
                0x08007f60       0x1a ./Middlewares/ST/STM32_USB_Device_Library/Core/Src/usbd_core.o
                0x08007f60                USBD_CoreFindEP
 .text.USBD_GetEpDesc
                0x08007f7a       0x70 ./Middlewares/ST/STM32_USB_Device_Library/Core/Src/usbd_core.o
                0x08007f7a                USBD_GetEpDesc
 .text.USBD_GetNextDesc
                0x08007fea       0x38 ./Middlewares/ST/STM32_USB_Device_Library/Core/Src/usbd_core.o
                0x08007fea                USBD_GetNextDesc
 .text.SWAPBYTE
                0x08008022       0x3c ./Middlewares/ST/STM32_USB_Device_Library/Core/Src/usbd_ctlreq.o
 *fill*         0x0800805e        0x2 
 .text.USBD_StdDevReq
                0x08008060       0xe4 ./Middlewares/ST/STM32_USB_Device_Library/Core/Src/usbd_ctlreq.o
                0x08008060                USBD_StdDevReq
 .text.USBD_StdItfReq
                0x08008144       0xd8 ./Middlewares/ST/STM32_USB_Device_Library/Core/Src/usbd_ctlreq.o
                0x08008144                USBD_StdItfReq
 .text.USBD_StdEPReq
                0x0800821c      0x33a ./Middlewares/ST/STM32_USB_Device_Library/Core/Src/usbd_ctlreq.o
                0x0800821c                USBD_StdEPReq
 *fill*         0x08008556        0x2 
 .text.USBD_GetDescriptor
                0x08008558      0x2d4 ./Middlewares/ST/STM32_USB_Device_Library/Core/Src/usbd_ctlreq.o
 .text.USBD_SetAddress
                0x0800882c       0x88 ./Middlewares/ST/STM32_USB_Device_Library/Core/Src/usbd_ctlreq.o
 .text.USBD_SetConfig
                0x080088b4      0x154 ./Middlewares/ST/STM32_USB_Device_Library/Core/Src/usbd_ctlreq.o
 .text.USBD_GetConfig
                0x08008a08       0x6c ./Middlewares/ST/STM32_USB_Device_Library/Core/Src/usbd_ctlreq.o
 .text.USBD_GetStatus
                0x08008a74       0x68 ./Middlewares/ST/STM32_USB_Device_Library/Core/Src/usbd_ctlreq.o
 .text.USBD_SetFeature
                0x08008adc       0x52 ./Middlewares/ST/STM32_USB_Device_Library/Core/Src/usbd_ctlreq.o
 .text.USBD_ClrFeature
                0x08008b2e       0x44 ./Middlewares/ST/STM32_USB_Device_Library/Core/Src/usbd_ctlreq.o
 .text.USBD_ParseSetupRequest
                0x08008b72       0x74 ./Middlewares/ST/STM32_USB_Device_Library/Core/Src/usbd_ctlreq.o
                0x08008b72                USBD_ParseSetupRequest
 .text.USBD_CtlError
                0x08008be6       0x22 ./Middlewares/ST/STM32_USB_Device_Library/Core/Src/usbd_ctlreq.o
                0x08008be6                USBD_CtlError
 .text.USBD_GetString
                0x08008c08       0x8c ./Middlewares/ST/STM32_USB_Device_Library/Core/Src/usbd_ctlreq.o
                0x08008c08                USBD_GetString
 .text.USBD_GetLen
                0x08008c94       0x34 ./Middlewares/ST/STM32_USB_Device_Library/Core/Src/usbd_ctlreq.o
 .text.USBD_CtlSendData
                0x08008cc8       0x36 ./Middlewares/ST/STM32_USB_Device_Library/Core/Src/usbd_ioreq.o
                0x08008cc8                USBD_CtlSendData
 .text.USBD_CtlContinueSendData
                0x08008cfe       0x22 ./Middlewares/ST/STM32_USB_Device_Library/Core/Src/usbd_ioreq.o
                0x08008cfe                USBD_CtlContinueSendData
 .text.USBD_CtlPrepareRx
                0x08008d20       0x3a ./Middlewares/ST/STM32_USB_Device_Library/Core/Src/usbd_ioreq.o
                0x08008d20                USBD_CtlPrepareRx
 .text.USBD_CtlContinueRx
                0x08008d5a       0x22 ./Middlewares/ST/STM32_USB_Device_Library/Core/Src/usbd_ioreq.o
                0x08008d5a                USBD_CtlContinueRx
 .text.USBD_CtlSendStatus
                0x08008d7c       0x26 ./Middlewares/ST/STM32_USB_Device_Library/Core/Src/usbd_ioreq.o
                0x08008d7c                USBD_CtlSendStatus
 .text.USBD_CtlReceiveStatus
                0x08008da2       0x26 ./Middlewares/ST/STM32_USB_Device_Library/Core/Src/usbd_ioreq.o
                0x08008da2                USBD_CtlReceiveStatus
 .text.MX_USB_DEVICE_Init
                0x08008dc8       0x60 ./USB_DEVICE/App/usb_device.o
                0x08008dc8                MX_USB_DEVICE_Init
 .text.CDC_Init_FS
                0x08008e28       0x28 ./USB_DEVICE/App/usbd_cdc_if.o
 .text.CDC_DeInit_FS
                0x08008e50       0x10 ./USB_DEVICE/App/usbd_cdc_if.o
 .text.CDC_Control_FS
                0x08008e60       0xbc ./USB_DEVICE/App/usbd_cdc_if.o
 .text.CDC_Receive_FS
                0x08008f1c       0x34 ./USB_DEVICE/App/usbd_cdc_if.o
 .text.CDC_Transmit_FS
                0x08008f50       0x4c ./USB_DEVICE/App/usbd_cdc_if.o
                0x08008f50                CDC_Transmit_FS
 .text.CDC_TransmitCplt_FS
                0x08008f9c       0x22 ./USB_DEVICE/App/usbd_cdc_if.o
 *fill*         0x08008fbe        0x2 
 .text.USBD_FS_DeviceDescriptor
                0x08008fc0       0x24 ./USB_DEVICE/App/usbd_desc.o
                0x08008fc0                USBD_FS_DeviceDescriptor
 .text.USBD_FS_LangIDStrDescriptor
                0x08008fe4       0x24 ./USB_DEVICE/App/usbd_desc.o
                0x08008fe4                USBD_FS_LangIDStrDescriptor
 .text.USBD_FS_ProductStrDescriptor
                0x08009008       0x3c ./USB_DEVICE/App/usbd_desc.o
                0x08009008                USBD_FS_ProductStrDescriptor
 .text.USBD_FS_ManufacturerStrDescriptor
                0x08009044       0x28 ./USB_DEVICE/App/usbd_desc.o
                0x08009044                USBD_FS_ManufacturerStrDescriptor
 .text.USBD_FS_SerialStrDescriptor
                0x0800906c       0x24 ./USB_DEVICE/App/usbd_desc.o
                0x0800906c                USBD_FS_SerialStrDescriptor
 .text.USBD_FS_ConfigStrDescriptor
                0x08009090       0x3c ./USB_DEVICE/App/usbd_desc.o
                0x08009090                USBD_FS_ConfigStrDescriptor
 .text.USBD_FS_InterfaceStrDescriptor
                0x080090cc       0x3c ./USB_DEVICE/App/usbd_desc.o
                0x080090cc                USBD_FS_InterfaceStrDescriptor
 .text.Get_SerialNum
                0x08009108       0x38 ./USB_DEVICE/App/usbd_desc.o
 .text.IntToUnicode
                0x08009140       0x7e ./USB_DEVICE/App/usbd_desc.o
 *fill*         0x080091be        0x2 
 .text.HAL_PCD_MspInit
                0x080091c0       0xa8 ./USB_DEVICE/Target/usbd_conf.o
                0x080091c0                HAL_PCD_MspInit
 .text.HAL_PCD_SetupStageCallback
                0x08009268       0x24 ./USB_DEVICE/Target/usbd_conf.o
                0x08009268                HAL_PCD_SetupStageCallback
 .text.HAL_PCD_DataOutStageCallback
                0x0800928c       0x36 ./USB_DEVICE/Target/usbd_conf.o
                0x0800928c                HAL_PCD_DataOutStageCallback
 .text.HAL_PCD_DataInStageCallback
                0x080092c2       0x34 ./USB_DEVICE/Target/usbd_conf.o
                0x080092c2                HAL_PCD_DataInStageCallback
 .text.HAL_PCD_SOFCallback
                0x080092f6       0x1c ./USB_DEVICE/Target/usbd_conf.o
                0x080092f6                HAL_PCD_SOFCallback
 .text.HAL_PCD_ResetCallback
                0x08009312       0x3c ./USB_DEVICE/Target/usbd_conf.o
                0x08009312                HAL_PCD_ResetCallback
 *fill*         0x0800934e        0x2 
 .text.HAL_PCD_SuspendCallback
                0x08009350       0x4c ./USB_DEVICE/Target/usbd_conf.o
                0x08009350                HAL_PCD_SuspendCallback
 .text.HAL_PCD_ResumeCallback
                0x0800939c       0x1c ./USB_DEVICE/Target/usbd_conf.o
                0x0800939c                HAL_PCD_ResumeCallback
 .text.HAL_PCD_ISOOUTIncompleteCallback
                0x080093b8       0x24 ./USB_DEVICE/Target/usbd_conf.o
                0x080093b8                HAL_PCD_ISOOUTIncompleteCallback
 .text.HAL_PCD_ISOINIncompleteCallback
                0x080093dc       0x24 ./USB_DEVICE/Target/usbd_conf.o
                0x080093dc                HAL_PCD_ISOINIncompleteCallback
 .text.HAL_PCD_ConnectCallback
                0x08009400       0x1c ./USB_DEVICE/Target/usbd_conf.o
                0x08009400                HAL_PCD_ConnectCallback
 .text.HAL_PCD_DisconnectCallback
                0x0800941c       0x1c ./USB_DEVICE/Target/usbd_conf.o
                0x0800941c                HAL_PCD_DisconnectCallback
 .text.USBD_LL_Init
                0x08009438       0x98 ./USB_DEVICE/Target/usbd_conf.o
                0x08009438                USBD_LL_Init
 .text.USBD_LL_Start
                0x080094d0       0x36 ./USB_DEVICE/Target/usbd_conf.o
                0x080094d0                USBD_LL_Start
 .text.USBD_LL_OpenEP
                0x08009506       0x4c ./USB_DEVICE/Target/usbd_conf.o
                0x08009506                USBD_LL_OpenEP
 .text.USBD_LL_CloseEP
                0x08009552       0x3e ./USB_DEVICE/Target/usbd_conf.o
                0x08009552                USBD_LL_CloseEP
 .text.USBD_LL_StallEP
                0x08009590       0x3e ./USB_DEVICE/Target/usbd_conf.o
                0x08009590                USBD_LL_StallEP
 .text.USBD_LL_ClearStallEP
                0x080095ce       0x3e ./USB_DEVICE/Target/usbd_conf.o
                0x080095ce                USBD_LL_ClearStallEP
 .text.USBD_LL_IsStallEP
                0x0800960c       0x58 ./USB_DEVICE/Target/usbd_conf.o
                0x0800960c                USBD_LL_IsStallEP
 .text.USBD_LL_SetUSBAddress
                0x08009664       0x3e ./USB_DEVICE/Target/usbd_conf.o
                0x08009664                USBD_LL_SetUSBAddress
 .text.USBD_LL_Transmit
                0x080096a2       0x42 ./USB_DEVICE/Target/usbd_conf.o
                0x080096a2                USBD_LL_Transmit
 .text.USBD_LL_PrepareReceive
                0x080096e4       0x42 ./USB_DEVICE/Target/usbd_conf.o
                0x080096e4                USBD_LL_PrepareReceive
 .text.USBD_LL_GetRxDataSize
                0x08009726       0x26 ./USB_DEVICE/Target/usbd_conf.o
                0x08009726                USBD_LL_GetRxDataSize
 .text.USBD_static_malloc
                0x0800974c       0x1c ./USB_DEVICE/Target/usbd_conf.o
                0x0800974c                USBD_static_malloc
 .text.USBD_static_free
                0x08009768       0x14 ./USB_DEVICE/Target/usbd_conf.o
                0x08009768                USBD_static_free
 .text.USBD_Get_USB_Status
                0x0800977c       0x58 ./USB_DEVICE/Target/usbd_conf.o
                0x0800977c                USBD_Get_USB_Status
 .text.snprintf
                0x080097d4       0x68 C:/ST/STM32CubeIDE_1.15.0/STM32CubeIDE/plugins/com.st.stm32cube.ide.mcu.externaltools.gnu-tools-for-stm32.12.3.rel1.win32_1.0.100.202403111256/tools/bin/../lib/gcc/arm-none-eabi/12.3.1/../../../../arm-none-eabi/lib/thumb/v7e-m+fp/hard\libc_nano.a(libc_a-snprintf.o)
                0x080097d4                sniprintf
                0x080097d4                snprintf
 .text.memset   0x0800983c       0x10 C:/ST/STM32CubeIDE_1.15.0/STM32CubeIDE/plugins/com.st.stm32cube.ide.mcu.externaltools.gnu-tools-for-stm32.12.3.rel1.win32_1.0.100.202403111256/tools/bin/../lib/gcc/arm-none-eabi/12.3.1/../../../../arm-none-eabi/lib/thumb/v7e-m+fp/hard\libc_nano.a(libc_a-memset.o)
                0x0800983c                memset
 .text.strncmp  0x0800984c       0x24 C:/ST/STM32CubeIDE_1.15.0/STM32CubeIDE/plugins/com.st.stm32cube.ide.mcu.externaltools.gnu-tools-for-stm32.12.3.rel1.win32_1.0.100.202403111256/tools/bin/../lib/gcc/arm-none-eabi/12.3.1/../../../../arm-none-eabi/lib/thumb/v7e-m+fp/hard\libc_nano.a(libc_a-strncmp.o)
                0x0800984c                strncmp
 .text.__errno  0x08009870        0xc C:/ST/STM32CubeIDE_1.15.0/STM32CubeIDE/plugins/com.st.stm32cube.ide.mcu.externaltools.gnu-tools-for-stm32.12.3.rel1.win32_1.0.100.202403111256/tools/bin/../lib/gcc/arm-none-eabi/12.3.1/../../../../arm-none-eabi/lib/thumb/v7e-m+fp/hard\libc_nano.a(libc_a-errno.o)
                0x08009870                __errno
 .text.__libc_init_array
                0x0800987c       0x48 C:/ST/STM32CubeIDE_1.15.0/STM32CubeIDE/plugins/com.st.stm32cube.ide.mcu.externaltools.gnu-tools-for-stm32.12.3.rel1.win32_1.0.100.202403111256/tools/bin/../lib/gcc/arm-none-eabi/12.3.1/../../../../arm-none-eabi/lib/thumb/v7e-m+fp/hard\libc_nano.a(libc_a-init.o)
                0x0800987c                __libc_init_array
 .text.__retarget_lock_acquire_recursive
                0x080098c4        0x2 C:/ST/STM32CubeIDE_1.15.0/STM32CubeIDE/plugins/com.st.stm32cube.ide.mcu.externaltools.gnu-tools-for-stm32.12.3.rel1.win32_1.0.100.202403111256/tools/bin/../lib/gcc/arm-none-eabi/12.3.1/../../../../arm-none-eabi/lib/thumb/v7e-m+fp/hard\libc_nano.a(libc_a-lock.o)
                0x080098c4                __retarget_lock_acquire_recursive
 .text.__retarget_lock_release_recursive
                0x080098c6        0x2 C:/ST/STM32CubeIDE_1.15.0/STM32CubeIDE/plugins/com.st.stm32cube.ide.mcu.externaltools.gnu-tools-for-stm32.12.3.rel1.win32_1.0.100.202403111256/tools/bin/../lib/gcc/arm-none-eabi/12.3.1/../../../../arm-none-eabi/lib/thumb/v7e-m+fp/hard\libc_nano.a(libc_a-lock.o)
                0x080098c6                __retarget_lock_release_recursive
 .text.memcpy   0x080098c8       0x1c C:/ST/STM32CubeIDE_1.15.0/STM32CubeIDE/plugins/com.st.stm32cube.ide.mcu.externaltools.gnu-tools-for-stm32.12.3.rel1.win32_1.0.100.202403111256/tools/bin/../lib/gcc/arm-none-eabi/12.3.1/../../../../arm-none-eabi/lib/thumb/v7e-m+fp/hard\libc_nano.a(libc_a-memcpy-stub.o)
                0x080098c8                memcpy
 .text._free_r  0x080098e4       0x94 C:/ST/STM32CubeIDE_1.15.0/STM32CubeIDE/plugins/com.st.stm32cube.ide.mcu.externaltools.gnu-tools-for-stm32.12.3.rel1.win32_1.0.100.202403111256/tools/bin/../lib/gcc/arm-none-eabi/12.3.1/../../../../arm-none-eabi/lib/thumb/v7e-m+fp/hard\libc_nano.a(libc_a-freer.o)
                0x080098e4                _free_r
 .text.sbrk_aligned
                0x08009978       0x44 C:/ST/STM32CubeIDE_1.15.0/STM32CubeIDE/plugins/com.st.stm32cube.ide.mcu.externaltools.gnu-tools-for-stm32.12.3.rel1.win32_1.0.100.202403111256/tools/bin/../lib/gcc/arm-none-eabi/12.3.1/../../../../arm-none-eabi/lib/thumb/v7e-m+fp/hard\libc_nano.a(libc_a-mallocr.o)
 .text._malloc_r
                0x080099bc      0x100 C:/ST/STM32CubeIDE_1.15.0/STM32CubeIDE/plugins/com.st.stm32cube.ide.mcu.externaltools.gnu-tools-for-stm32.12.3.rel1.win32_1.0.100.202403111256/tools/bin/../lib/gcc/arm-none-eabi/12.3.1/../../../../arm-none-eabi/lib/thumb/v7e-m+fp/hard\libc_nano.a(libc_a-mallocr.o)
                0x080099bc                _malloc_r
 .text.__malloc_lock
                0x08009abc        0xc C:/ST/STM32CubeIDE_1.15.0/STM32CubeIDE/plugins/com.st.stm32cube.ide.mcu.externaltools.gnu-tools-for-stm32.12.3.rel1.win32_1.0.100.202403111256/tools/bin/../lib/gcc/arm-none-eabi/12.3.1/../../../../arm-none-eabi/lib/thumb/v7e-m+fp/hard\libc_nano.a(libc_a-mlock.o)
                0x08009abc                __malloc_lock
 .text.__malloc_unlock
                0x08009ac8        0xc C:/ST/STM32CubeIDE_1.15.0/STM32CubeIDE/plugins/com.st.stm32cube.ide.mcu.externaltools.gnu-tools-for-stm32.12.3.rel1.win32_1.0.100.202403111256/tools/bin/../lib/gcc/arm-none-eabi/12.3.1/../../../../arm-none-eabi/lib/thumb/v7e-m+fp/hard\libc_nano.a(libc_a-mlock.o)
                0x08009ac8                __malloc_unlock
 .text.__ssputs_r
                0x08009ad4       0xb6 C:/ST/STM32CubeIDE_1.15.0/STM32CubeIDE/plugins/com.st.stm32cube.ide.mcu.externaltools.gnu-tools-for-stm32.12.3.rel1.win32_1.0.100.202403111256/tools/bin/../lib/gcc/arm-none-eabi/12.3.1/../../../../arm-none-eabi/lib/thumb/v7e-m+fp/hard\libc_nano.a(libc_a-nano-svfprintf.o)
                0x08009ad4                __ssputs_r
 *fill*         0x08009b8a        0x2 
 .text._svfprintf_r
                0x08009b8c      0x1f8 C:/ST/STM32CubeIDE_1.15.0/STM32CubeIDE/plugins/com.st.stm32cube.ide.mcu.externaltools.gnu-tools-for-stm32.12.3.rel1.win32_1.0.100.202403111256/tools/bin/../lib/gcc/arm-none-eabi/12.3.1/../../../../arm-none-eabi/lib/thumb/v7e-m+fp/hard\libc_nano.a(libc_a-nano-svfprintf.o)
                0x08009b8c                _svfiprintf_r
                0x08009b8c                _svfprintf_r
 .text._printf_common
                0x08009d84       0xda C:/ST/STM32CubeIDE_1.15.0/STM32CubeIDE/plugins/com.st.stm32cube.ide.mcu.externaltools.gnu-tools-for-stm32.12.3.rel1.win32_1.0.100.202403111256/tools/bin/../lib/gcc/arm-none-eabi/12.3.1/../../../../arm-none-eabi/lib/thumb/v7e-m+fp/hard\libc_nano.a(libc_a-nano-vfprintf_i.o)
                0x08009d84                _printf_common
 *fill*         0x08009e5e        0x2 
 .text._printf_i
                0x08009e60      0x240 C:/ST/STM32CubeIDE_1.15.0/STM32CubeIDE/plugins/com.st.stm32cube.ide.mcu.externaltools.gnu-tools-for-stm32.12.3.rel1.win32_1.0.100.202403111256/tools/bin/../lib/gcc/arm-none-eabi/12.3.1/../../../../arm-none-eabi/lib/thumb/v7e-m+fp/hard\libc_nano.a(libc_a-nano-vfprintf_i.o)
                0x08009e60                _printf_i
 .text.memmove  0x0800a0a0       0x34 C:/ST/STM32CubeIDE_1.15.0/STM32CubeIDE/plugins/com.st.stm32cube.ide.mcu.externaltools.gnu-tools-for-stm32.12.3.rel1.win32_1.0.100.202403111256/tools/bin/../lib/gcc/arm-none-eabi/12.3.1/../../../../arm-none-eabi/lib/thumb/v7e-m+fp/hard\libc_nano.a(libc_a-memmove.o)
                0x0800a0a0                memmove
 .text._sbrk_r  0x0800a0d4       0x20 C:/ST/STM32CubeIDE_1.15.0/STM32CubeIDE/plugins/com.st.stm32cube.ide.mcu.externaltools.gnu-tools-for-stm32.12.3.rel1.win32_1.0.100.202403111256/tools/bin/../lib/gcc/arm-none-eabi/12.3.1/../../../../arm-none-eabi/lib/thumb/v7e-m+fp/hard\libc_nano.a(libc_a-sbrkr.o)
                0x0800a0d4                _sbrk_r
 .text._realloc_r
                0x0800a0f4       0x5c C:/ST/STM32CubeIDE_1.15.0/STM32CubeIDE/plugins/com.st.stm32cube.ide.mcu.externaltools.gnu-tools-for-stm32.12.3.rel1.win32_1.0.100.202403111256/tools/bin/../lib/gcc/arm-none-eabi/12.3.1/../../../../arm-none-eabi/lib/thumb/v7e-m+fp/hard\libc_nano.a(libc_a-reallocr.o)
                0x0800a0f4                _realloc_r
 .text._malloc_usable_size_r
                0x0800a150       0x10 C:/ST/STM32CubeIDE_1.15.0/STM32CubeIDE/plugins/com.st.stm32cube.ide.mcu.externaltools.gnu-tools-for-stm32.12.3.rel1.win32_1.0.100.202403111256/tools/bin/../lib/gcc/arm-none-eabi/12.3.1/../../../../arm-none-eabi/lib/thumb/v7e-m+fp/hard\libc_nano.a(libc_a-msizer.o)
                0x0800a150                _malloc_usable_size_r
 *(.glue_7)
 .glue_7        0x0800a160        0x0 linker stubs
 *(.glue_7t)
 .glue_7t       0x0800a160        0x0 linker stubs
 *(.eh_frame)
 .eh_frame      0x0800a160        0x0 C:/ST/STM32CubeIDE_1.15.0/STM32CubeIDE/plugins/com.st.stm32cube.ide.mcu.externaltools.gnu-tools-for-stm32.12.3.rel1.win32_1.0.100.202403111256/tools/bin/../lib/gcc/arm-none-eabi/12.3.1/thumb/v7e-m+fp/hard/crtbegin.o
 *(.init)
 .init          0x0800a160        0x4 C:/ST/STM32CubeIDE_1.15.0/STM32CubeIDE/plugins/com.st.stm32cube.ide.mcu.externaltools.gnu-tools-for-stm32.12.3.rel1.win32_1.0.100.202403111256/tools/bin/../lib/gcc/arm-none-eabi/12.3.1/thumb/v7e-m+fp/hard/crti.o
                0x0800a160                _init
 .init          0x0800a164        0x8 C:/ST/STM32CubeIDE_1.15.0/STM32CubeIDE/plugins/com.st.stm32cube.ide.mcu.externaltools.gnu-tools-for-stm32.12.3.rel1.win32_1.0.100.202403111256/tools/bin/../lib/gcc/arm-none-eabi/12.3.1/thumb/v7e-m+fp/hard/crtn.o
 *(.fini)
 .fini          0x0800a16c        0x4 C:/ST/STM32CubeIDE_1.15.0/STM32CubeIDE/plugins/com.st.stm32cube.ide.mcu.externaltools.gnu-tools-for-stm32.12.3.rel1.win32_1.0.100.202403111256/tools/bin/../lib/gcc/arm-none-eabi/12.3.1/thumb/v7e-m+fp/hard/crti.o
                0x0800a16c                _fini
 .fini          0x0800a170        0x8 C:/ST/STM32CubeIDE_1.15.0/STM32CubeIDE/plugins/com.st.stm32cube.ide.mcu.externaltools.gnu-tools-for-stm32.12.3.rel1.win32_1.0.100.202403111256/tools/bin/../lib/gcc/arm-none-eabi/12.3.1/thumb/v7e-m+fp/hard/crtn.o
                0x0800a178                        . = ALIGN (0x4)
                0x0800a178                        _etext = .

.vfp11_veneer   0x0800a178        0x0
 .vfp11_veneer  0x0800a178        0x0 linker stubs

.v4_bx          0x0800a178        0x0
 .v4_bx         0x0800a178        0x0 linker stubs

.iplt           0x0800a178        0x0
 .iplt          0x0800a178        0x0 C:/ST/STM32CubeIDE_1.15.0/STM32CubeIDE/plugins/com.st.stm32cube.ide.mcu.externaltools.gnu-tools-for-stm32.12.3.rel1.win32_1.0.100.202403111256/tools/bin/../lib/gcc/arm-none-eabi/12.3.1/thumb/v7e-m+fp/hard/crtbegin.o

.rodata         0x0800a178      0x15c
                0x0800a178                        . = ALIGN (0x4)
 *(.rodata)
 .rodata        0x0800a178       0xc6 ./Core/Src/main.o
 *fill*         0x0800a23e        0x2 
 .rodata        0x0800a240       0x46 ./USB_DEVICE/App/usbd_desc.o
 *(.rodata*)
 *fill*         0x0800a286        0x2 
 .rodata.AHBPrescTable
                0x0800a288       0x10 ./Core/Src/system_stm32f4xx.o
                0x0800a288                AHBPrescTable
 .rodata.flagBitshiftOffset.0
                0x0800a298        0x8 ./Drivers/STM32F4xx_HAL_Driver/Src/stm32f4xx_hal_dma.o
 .rodata._svfprintf_r.str1.1
                0x0800a2a0       0x11 C:/ST/STM32CubeIDE_1.15.0/STM32CubeIDE/plugins/com.st.stm32cube.ide.mcu.externaltools.gnu-tools-for-stm32.12.3.rel1.win32_1.0.100.202403111256/tools/bin/../lib/gcc/arm-none-eabi/12.3.1/../../../../arm-none-eabi/lib/thumb/v7e-m+fp/hard\libc_nano.a(libc_a-nano-svfprintf.o)
 .rodata._printf_i.str1.1
                0x0800a2b1       0x22 C:/ST/STM32CubeIDE_1.15.0/STM32CubeIDE/plugins/com.st.stm32cube.ide.mcu.externaltools.gnu-tools-for-stm32.12.3.rel1.win32_1.0.100.202403111256/tools/bin/../lib/gcc/arm-none-eabi/12.3.1/../../../../arm-none-eabi/lib/thumb/v7e-m+fp/hard\libc_nano.a(libc_a-nano-vfprintf_i.o)
                0x0800a2d4                        . = ALIGN (0x4)
 *fill*         0x0800a2d3        0x1 

.ARM.extab      0x0800a2d4        0x0
                0x0800a2d4                        . = ALIGN (0x4)
 *(.ARM.extab* .gnu.linkonce.armextab.*)
                0x0800a2d4                        . = ALIGN (0x4)

.ARM            0x0800a2d4        0x8
                0x0800a2d4                        . = ALIGN (0x4)
                0x0800a2d4                        __exidx_start = .
 *(.ARM.exidx*)
 .ARM.exidx     0x0800a2d4        0x8 C:/ST/STM32CubeIDE_1.15.0/STM32CubeIDE/plugins/com.st.stm32cube.ide.mcu.externaltools.gnu-tools-for-stm32.12.3.rel1.win32_1.0.100.202403111256/tools/bin/../lib/gcc/arm-none-eabi/12.3.1/../../../../arm-none-eabi/lib/thumb/v7e-m+fp/hard\libc_nano.a(libc_a-memchr.o)
 .ARM.exidx     0x0800a2dc        0x0 C:/ST/STM32CubeIDE_1.15.0/STM32CubeIDE/plugins/com.st.stm32cube.ide.mcu.externaltools.gnu-tools-for-stm32.12.3.rel1.win32_1.0.100.202403111256/tools/bin/../lib/gcc/arm-none-eabi/12.3.1/thumb/v7e-m+fp/hard\libgcc.a(_udivmoddi4.o)
                                  0x8 (size before relaxing)
                0x0800a2dc                        __exidx_end = .
                0x0800a2dc                        . = ALIGN (0x4)

.preinit_array  0x0800a2dc        0x0
                0x0800a2dc                        . = ALIGN (0x4)
                0x0800a2dc                        PROVIDE (__preinit_array_start = .)
 *(.preinit_array*)
                0x0800a2dc                        PROVIDE (__preinit_array_end = .)
                0x0800a2dc                        . = ALIGN (0x4)

.init_array     0x0800a2dc        0x4
                0x0800a2dc                        . = ALIGN (0x4)
                0x0800a2dc                        PROVIDE (__init_array_start = .)
 *(SORT_BY_NAME(.init_array.*))
 *(.init_array*)
 .init_array    0x0800a2dc        0x4 C:/ST/STM32CubeIDE_1.15.0/STM32CubeIDE/plugins/com.st.stm32cube.ide.mcu.externaltools.gnu-tools-for-stm32.12.3.rel1.win32_1.0.100.202403111256/tools/bin/../lib/gcc/arm-none-eabi/12.3.1/thumb/v7e-m+fp/hard/crtbegin.o
                0x0800a2e0                        PROVIDE (__init_array_end = .)
                0x0800a2e0                        . = ALIGN (0x4)

.fini_array     0x0800a2e0        0x4
                0x0800a2e0                        . = ALIGN (0x4)
                [!provide]                        PROVIDE (__fini_array_start = .)
 *(SORT_BY_NAME(.fini_array.*))
 *(.fini_array*)
 .fini_array    0x0800a2e0        0x4 C:/ST/STM32CubeIDE_1.15.0/STM32CubeIDE/plugins/com.st.stm32cube.ide.mcu.externaltools.gnu-tools-for-stm32.12.3.rel1.win32_1.0.100.202403111256/tools/bin/../lib/gcc/arm-none-eabi/12.3.1/thumb/v7e-m+fp/hard/crtbegin.o
                [!provide]                        PROVIDE (__fini_array_end = .)
                0x0800a2e4                        . = ALIGN (0x4)
                0x0800a2e4                        _sidata = LOADADDR (.data)

.rel.dyn        0x0800a2e4        0x0
 .rel.iplt      0x0800a2e4        0x0 C:/ST/STM32CubeIDE_1.15.0/STM32CubeIDE/plugins/com.st.stm32cube.ide.mcu.externaltools.gnu-tools-for-stm32.12.3.rel1.win32_1.0.100.202403111256/tools/bin/../lib/gcc/arm-none-eabi/12.3.1/thumb/v7e-m+fp/hard/crtbegin.o

.data           0x20000000      0x17c load address 0x0800a2e4
                0x20000000                        . = ALIGN (0x4)
                0x20000000                        _sdata = .
 *(.data)
 *(.data*)
 .data.VersionNo
                0x20000000        0x4 ./Core/Src/main.o
                0x20000000                VersionNo
 .data.MajorVersion
                0x20000004        0x4 ./Core/Src/main.o
                0x20000004                MajorVersion
 .data.CustomizationNo
                0x20000008        0x4 ./Core/Src/main.o
                0x20000008                CustomizationNo
 .data.CameraType
                0x2000000c        0x4 ./Core/Src/main.o
                0x2000000c                CameraType
 .data.MeasureMode
                0x20000010        0x4 ./Core/Src/main.o
                0x20000010                MeasureMode
 .data.Profile  0x20000014        0x4 ./Core/Src/main.o
                0x20000014                Profile
 .data.ScaleUnitChars
                0x20000018       0x14 ./Core/Src/main.o
                0x20000018                ScaleUnitChars
 .data.signals  0x2000002c        0x1 ./Core/Src/main.o
                0x2000002c                signals
 *fill*         0x2000002d        0x3 
 .data.SystemCoreClock
                0x20000030        0x4 ./Core/Src/system_stm32f4xx.o
                0x20000030                SystemCoreClock
 .data.uwTickPrio
                0x20000034        0x4 ./Drivers/STM32F4xx_HAL_Driver/Src/stm32f4xx_hal.o
                0x20000034                uwTickPrio
 .data.uwTickFreq
                0x20000038        0x1 ./Drivers/STM32F4xx_HAL_Driver/Src/stm32f4xx_hal.o
                0x20000038                uwTickFreq
 *fill*         0x20000039        0x3 
 .data.USBD_CDC_DeviceQualifierDesc
                0x2000003c        0xa ./Middlewares/ST/STM32_USB_Device_Library/Class/CDC/Src/usbd_cdc.o
 *fill*         0x20000046        0x2 
 .data.USBD_CDC
                0x20000048       0x38 ./Middlewares/ST/STM32_USB_Device_Library/Class/CDC/Src/usbd_cdc.o
                0x20000048                USBD_CDC
 .data.USBD_CDC_CfgDesc
                0x20000080       0x43 ./Middlewares/ST/STM32_USB_Device_Library/Class/CDC/Src/usbd_cdc.o
 .data.CDCInEpAdd
                0x200000c3        0x1 ./Middlewares/ST/STM32_USB_Device_Library/Class/CDC/Src/usbd_cdc.o
 .data.CDCOutEpAdd
                0x200000c4        0x1 ./Middlewares/ST/STM32_USB_Device_Library/Class/CDC/Src/usbd_cdc.o
 .data.CDCCmdEpAdd
                0x200000c5        0x1 ./Middlewares/ST/STM32_USB_Device_Library/Class/CDC/Src/usbd_cdc.o
 *fill*         0x200000c6        0x2 
 .data.USBD_Interface_fops_FS
                0x200000c8       0x14 ./USB_DEVICE/App/usbd_cdc_if.o
                0x200000c8                USBD_Interface_fops_FS
 .data.FS_Desc  0x200000dc       0x1c ./USB_DEVICE/App/usbd_desc.o
                0x200000dc                FS_Desc
 .data.USBD_FS_DeviceDesc
                0x200000f8       0x12 ./USB_DEVICE/App/usbd_desc.o
                0x200000f8                USBD_FS_DeviceDesc
 *fill*         0x2000010a        0x2 
 .data.USBD_LangIDDesc
                0x2000010c        0x4 ./USB_DEVICE/App/usbd_desc.o
                0x2000010c                USBD_LangIDDesc
 .data.USBD_StringSerial
                0x20000110       0x1a ./USB_DEVICE/App/usbd_desc.o
                0x20000110                USBD_StringSerial
 *fill*         0x2000012a        0x2 
 .data._impure_ptr
                0x2000012c        0x4 C:/ST/STM32CubeIDE_1.15.0/STM32CubeIDE/plugins/com.st.stm32cube.ide.mcu.externaltools.gnu-tools-for-stm32.12.3.rel1.win32_1.0.100.202403111256/tools/bin/../lib/gcc/arm-none-eabi/12.3.1/../../../../arm-none-eabi/lib/thumb/v7e-m+fp/hard\libc_nano.a(libc_a-impure.o)
                0x2000012c                _impure_ptr
 .data._impure_data
                0x20000130       0x4c C:/ST/STM32CubeIDE_1.15.0/STM32CubeIDE/plugins/com.st.stm32cube.ide.mcu.externaltools.gnu-tools-for-stm32.12.3.rel1.win32_1.0.100.202403111256/tools/bin/../lib/gcc/arm-none-eabi/12.3.1/../../../../arm-none-eabi/lib/thumb/v7e-m+fp/hard\libc_nano.a(libc_a-impure.o)
                0x20000130                _impure_data
 *(.RamFunc)
 *(.RamFunc*)
                0x2000017c                        . = ALIGN (0x4)
                0x2000017c                        _edata = .

.igot.plt       0x2000017c        0x0 load address 0x0800a460
 .igot.plt      0x2000017c        0x0 C:/ST/STM32CubeIDE_1.15.0/STM32CubeIDE/plugins/com.st.stm32cube.ide.mcu.externaltools.gnu-tools-for-stm32.12.3.rel1.win32_1.0.100.202403111256/tools/bin/../lib/gcc/arm-none-eabi/12.3.1/thumb/v7e-m+fp/hard/crtbegin.o
                0x2000017c                        . = ALIGN (0x4)

.bss            0x2000017c     0x46e8 load address 0x0800a460
                0x2000017c                        _sbss = .
                0x2000017c                        __bss_start__ = _sbss
 *(.bss)
 .bss           0x2000017c       0x1c C:/ST/STM32CubeIDE_1.15.0/STM32CubeIDE/plugins/com.st.stm32cube.ide.mcu.externaltools.gnu-tools-for-stm32.12.3.rel1.win32_1.0.100.202403111256/tools/bin/../lib/gcc/arm-none-eabi/12.3.1/thumb/v7e-m+fp/hard/crtbegin.o
 *(.bss*)
 .bss.hadc1     0x20000198       0x48 ./Core/Src/main.o
                0x20000198                hadc1
 .bss.hdma_adc1
                0x200001e0       0x60 ./Core/Src/main.o
                0x200001e0                hdma_adc1
 .bss.htim2     0x20000240       0x48 ./Core/Src/main.o
                0x20000240                htim2
 .bss.htim3     0x20000288       0x48 ./Core/Src/main.o
                0x20000288                htim3
 .bss.htim4     0x200002d0       0x48 ./Core/Src/main.o
                0x200002d0                htim4
 .bss.htim5     0x20000318       0x48 ./Core/Src/main.o
                0x20000318                htim5
 .bss.FileFormatNo
                0x20000360        0x4 ./Core/Src/main.o
                0x20000360                FileFormatNo
 .bss.DataInfo  0x20000364       0x14 ./Core/Src/main.o
                0x20000364                DataInfo
 .bss.SheetData
                0x20000378        0x4 ./Core/Src/main.o
                0x20000378                SheetData
 .bss.header    0x2000037c       0xc8 ./Core/Src/main.o
                0x2000037c                header
 .bss.footer    0x20000444        0x2 ./Core/Src/main.o
                0x20000444                footer
 *fill*         0x20000446        0x2 
 .bss.CCDPixelBuffer
                0x20000448     0x2ee0 ./Core/Src/main.o
                0x20000448                CCDPixelBuffer
 .bss.start_command_received
                0x20003328        0x1 ./Core/Src/main.o
                0x20003328                start_command_received
 .bss.count_signals
                0x20003329        0x1 ./Core/Src/main.o
                0x20003329                count_signals
 .bss.adc_flag  0x2000332a        0x1 ./Core/Src/main.o
                0x2000332a                adc_flag
 .bss.timer_flag
                0x2000332b        0x1 ./Core/Src/main.o
                0x2000332b                timer_flag
 .bss.single_capture_flag
                0x2000332c        0x1 ./Core/Src/main.o
                0x2000332c                single_capture_flag
 *fill*         0x2000332d        0x3 
 .bss.__sbrk_heap_end
                0x20003330        0x4 ./Core/Src/sysmem.o
 .bss.uwTick    0x20003334        0x4 ./Drivers/STM32F4xx_HAL_Driver/Src/stm32f4xx_hal.o
                0x20003334                uwTick
 .bss.cfgidx.0  0x20003338        0x1 ./Middlewares/ST/STM32_USB_Device_Library/Core/Src/usbd_ctlreq.o
 *fill*         0x20003339        0x3 
 .bss.hUsbDeviceFS
                0x2000333c      0x2dc ./USB_DEVICE/App/usb_device.o
                0x2000333c                hUsbDeviceFS
 .bss.UserRxBufferFS
                0x20003618      0x400 ./USB_DEVICE/App/usbd_cdc_if.o
                0x20003618                UserRxBufferFS
 .bss.UserTxBufferFS
                0x20003a18      0x400 ./USB_DEVICE/App/usbd_cdc_if.o
                0x20003a18                UserTxBufferFS
 .bss.USBD_StrDesc
                0x20003e18      0x200 ./USB_DEVICE/App/usbd_desc.o
                0x20003e18                USBD_StrDesc
 .bss.hpcd_USB_OTG_FS
                0x20004018      0x4e4 ./USB_DEVICE/Target/usbd_conf.o
                0x20004018                hpcd_USB_OTG_FS
 .bss.mem.0     0x200044fc      0x220 ./USB_DEVICE/Target/usbd_conf.o
 .bss.__sf      0x2000471c      0x138 C:/ST/STM32CubeIDE_1.15.0/STM32CubeIDE/plugins/com.st.stm32cube.ide.mcu.externaltools.gnu-tools-for-stm32.12.3.rel1.win32_1.0.100.202403111256/tools/bin/../lib/gcc/arm-none-eabi/12.3.1/../../../../arm-none-eabi/lib/thumb/v7e-m+fp/hard\libc_nano.a(libc_a-findfp.o)
                0x2000471c                __sf
 .bss.errno     0x20004854        0x4 C:/ST/STM32CubeIDE_1.15.0/STM32CubeIDE/plugins/com.st.stm32cube.ide.mcu.externaltools.gnu-tools-for-stm32.12.3.rel1.win32_1.0.100.202403111256/tools/bin/../lib/gcc/arm-none-eabi/12.3.1/../../../../arm-none-eabi/lib/thumb/v7e-m+fp/hard\libc_nano.a(libc_a-reent.o)
                0x20004854                errno
 .bss.__lock___malloc_recursive_mutex
                0x20004858        0x1 C:/ST/STM32CubeIDE_1.15.0/STM32CubeIDE/plugins/com.st.stm32cube.ide.mcu.externaltools.gnu-tools-for-stm32.12.3.rel1.win32_1.0.100.202403111256/tools/bin/../lib/gcc/arm-none-eabi/12.3.1/../../../../arm-none-eabi/lib/thumb/v7e-m+fp/hard\libc_nano.a(libc_a-lock.o)
                0x20004858                __lock___malloc_recursive_mutex
 *fill*         0x20004859        0x3 
 .bss.__malloc_sbrk_start
                0x2000485c        0x4 C:/ST/STM32CubeIDE_1.15.0/STM32CubeIDE/plugins/com.st.stm32cube.ide.mcu.externaltools.gnu-tools-for-stm32.12.3.rel1.win32_1.0.100.202403111256/tools/bin/../lib/gcc/arm-none-eabi/12.3.1/../../../../arm-none-eabi/lib/thumb/v7e-m+fp/hard\libc_nano.a(libc_a-mallocr.o)
                0x2000485c                __malloc_sbrk_start
 .bss.__malloc_free_list
                0x20004860        0x4 C:/ST/STM32CubeIDE_1.15.0/STM32CubeIDE/plugins/com.st.stm32cube.ide.mcu.externaltools.gnu-tools-for-stm32.12.3.rel1.win32_1.0.100.202403111256/tools/bin/../lib/gcc/arm-none-eabi/12.3.1/../../../../arm-none-eabi/lib/thumb/v7e-m+fp/hard\libc_nano.a(libc_a-mallocr.o)
                0x20004860                __malloc_free_list
 *(COMMON)
                0x20004864                        . = ALIGN (0x4)
                0x20004864                        _ebss = .
                0x20004864                        __bss_end__ = _ebss

._user_heap_stack
                0x20004864      0x604 load address 0x0800a460
                0x20004868                        . = ALIGN (0x8)
 *fill*         0x20004864        0x4 
                [!provide]                        PROVIDE (end = .)
                0x20004868                        PROVIDE (_end = .)
                0x20004a68                        . = (. + _Min_Heap_Size)
 *fill*         0x20004868      0x200 
                0x20004e68                        . = (. + _Min_Stack_Size)
 *fill*         0x20004a68      0x400 
                0x20004e68                        . = ALIGN (0x8)

/DISCARD/
 libc.a(*)
 libm.a(*)
 libgcc.a(*)

.ARM.attributes
                0x00000000       0x30
 *(.ARM.attributes)
 .ARM.attributes
                0x00000000       0x22 C:/ST/STM32CubeIDE_1.15.0/STM32CubeIDE/plugins/com.st.stm32cube.ide.mcu.externaltools.gnu-tools-for-stm32.12.3.rel1.win32_1.0.100.202403111256/tools/bin/../lib/gcc/arm-none-eabi/12.3.1/thumb/v7e-m+fp/hard/crti.o
 .ARM.attributes
                0x00000022       0x34 C:/ST/STM32CubeIDE_1.15.0/STM32CubeIDE/plugins/com.st.stm32cube.ide.mcu.externaltools.gnu-tools-for-stm32.12.3.rel1.win32_1.0.100.202403111256/tools/bin/../lib/gcc/arm-none-eabi/12.3.1/thumb/v7e-m+fp/hard/crtbegin.o
 .ARM.attributes
                0x00000056       0x34 ./Core/Src/main.o
 .ARM.attributes
                0x0000008a       0x34 ./Core/Src/stm32f4xx_hal_msp.o
 .ARM.attributes
                0x000000be       0x34 ./Core/Src/stm32f4xx_it.o
 .ARM.attributes
                0x000000f2       0x34 ./Core/Src/sysmem.o
 .ARM.attributes
                0x00000126       0x34 ./Core/Src/system_stm32f4xx.o
 .ARM.attributes
                0x0000015a       0x21 ./Core/Startup/startup_stm32f401ccux.o
 .ARM.attributes
                0x0000017b       0x34 ./Drivers/STM32F4xx_HAL_Driver/Src/stm32f4xx_hal.o
 .ARM.attributes
                0x000001af       0x34 ./Drivers/STM32F4xx_HAL_Driver/Src/stm32f4xx_hal_adc.o
 .ARM.attributes
                0x000001e3       0x34 ./Drivers/STM32F4xx_HAL_Driver/Src/stm32f4xx_hal_cortex.o
 .ARM.attributes
                0x00000217       0x34 ./Drivers/STM32F4xx_HAL_Driver/Src/stm32f4xx_hal_dma.o
 .ARM.attributes
                0x0000024b       0x34 ./Drivers/STM32F4xx_HAL_Driver/Src/stm32f4xx_hal_gpio.o
 .ARM.attributes
                0x0000027f       0x34 ./Drivers/STM32F4xx_HAL_Driver/Src/stm32f4xx_hal_pcd.o
 .ARM.attributes
                0x000002b3       0x34 ./Drivers/STM32F4xx_HAL_Driver/Src/stm32f4xx_hal_pcd_ex.o
 .ARM.attributes
                0x000002e7       0x34 ./Drivers/STM32F4xx_HAL_Driver/Src/stm32f4xx_hal_rcc.o
 .ARM.attributes
                0x0000031b       0x34 ./Drivers/STM32F4xx_HAL_Driver/Src/stm32f4xx_hal_tim.o
 .ARM.attributes
                0x0000034f       0x34 ./Drivers/STM32F4xx_HAL_Driver/Src/stm32f4xx_hal_tim_ex.o
 .ARM.attributes
                0x00000383       0x34 ./Drivers/STM32F4xx_HAL_Driver/Src/stm32f4xx_ll_usb.o
 .ARM.attributes
                0x000003b7       0x34 ./Middlewares/ST/STM32_USB_Device_Library/Class/CDC/Src/usbd_cdc.o
 .ARM.attributes
                0x000003eb       0x34 ./Middlewares/ST/STM32_USB_Device_Library/Core/Src/usbd_core.o
 .ARM.attributes
                0x0000041f       0x34 ./Middlewares/ST/STM32_USB_Device_Library/Core/Src/usbd_ctlreq.o
 .ARM.attributes
                0x00000453       0x34 ./Middlewares/ST/STM32_USB_Device_Library/Core/Src/usbd_ioreq.o
 .ARM.attributes
                0x00000487       0x34 ./USB_DEVICE/App/usb_device.o
 .ARM.attributes
                0x000004bb       0x34 ./USB_DEVICE/App/usbd_cdc_if.o
 .ARM.attributes
                0x000004ef       0x34 ./USB_DEVICE/App/usbd_desc.o
 .ARM.attributes
                0x00000523       0x34 ./USB_DEVICE/Target/usbd_conf.o
 .ARM.attributes
                0x00000557       0x34 C:/ST/STM32CubeIDE_1.15.0/STM32CubeIDE/plugins/com.st.stm32cube.ide.mcu.externaltools.gnu-tools-for-stm32.12.3.rel1.win32_1.0.100.202403111256/tools/bin/../lib/gcc/arm-none-eabi/12.3.1/../../../../arm-none-eabi/lib/thumb/v7e-m+fp/hard\libc_nano.a(libc_a-findfp.o)
 .ARM.attributes
                0x0000058b       0x34 C:/ST/STM32CubeIDE_1.15.0/STM32CubeIDE/plugins/com.st.stm32cube.ide.mcu.externaltools.gnu-tools-for-stm32.12.3.rel1.win32_1.0.100.202403111256/tools/bin/../lib/gcc/arm-none-eabi/12.3.1/../../../../arm-none-eabi/lib/thumb/v7e-m+fp/hard\libc_nano.a(libc_a-snprintf.o)
 .ARM.attributes
                0x000005bf       0x34 C:/ST/STM32CubeIDE_1.15.0/STM32CubeIDE/plugins/com.st.stm32cube.ide.mcu.externaltools.gnu-tools-for-stm32.12.3.rel1.win32_1.0.100.202403111256/tools/bin/../lib/gcc/arm-none-eabi/12.3.1/../../../../arm-none-eabi/lib/thumb/v7e-m+fp/hard\libc_nano.a(libc_a-memset.o)
 .ARM.attributes
                0x000005f3       0x34 C:/ST/STM32CubeIDE_1.15.0/STM32CubeIDE/plugins/com.st.stm32cube.ide.mcu.externaltools.gnu-tools-for-stm32.12.3.rel1.win32_1.0.100.202403111256/tools/bin/../lib/gcc/arm-none-eabi/12.3.1/../../../../arm-none-eabi/lib/thumb/v7e-m+fp/hard\libc_nano.a(libc_a-strncmp.o)
 .ARM.attributes
                0x00000627       0x34 C:/ST/STM32CubeIDE_1.15.0/STM32CubeIDE/plugins/com.st.stm32cube.ide.mcu.externaltools.gnu-tools-for-stm32.12.3.rel1.win32_1.0.100.202403111256/tools/bin/../lib/gcc/arm-none-eabi/12.3.1/../../../../arm-none-eabi/lib/thumb/v7e-m+fp/hard\libc_nano.a(libc_a-reent.o)
 .ARM.attributes
                0x0000065b       0x34 C:/ST/STM32CubeIDE_1.15.0/STM32CubeIDE/plugins/com.st.stm32cube.ide.mcu.externaltools.gnu-tools-for-stm32.12.3.rel1.win32_1.0.100.202403111256/tools/bin/../lib/gcc/arm-none-eabi/12.3.1/../../../../arm-none-eabi/lib/thumb/v7e-m+fp/hard\libc_nano.a(libc_a-impure.o)
 .ARM.attributes
                0x0000068f       0x34 C:/ST/STM32CubeIDE_1.15.0/STM32CubeIDE/plugins/com.st.stm32cube.ide.mcu.externaltools.gnu-tools-for-stm32.12.3.rel1.win32_1.0.100.202403111256/tools/bin/../lib/gcc/arm-none-eabi/12.3.1/../../../../arm-none-eabi/lib/thumb/v7e-m+fp/hard\libc_nano.a(libc_a-errno.o)
 .ARM.attributes
                0x000006c3       0x34 C:/ST/STM32CubeIDE_1.15.0/STM32CubeIDE/plugins/com.st.stm32cube.ide.mcu.externaltools.gnu-tools-for-stm32.12.3.rel1.win32_1.0.100.202403111256/tools/bin/../lib/gcc/arm-none-eabi/12.3.1/../../../../arm-none-eabi/lib/thumb/v7e-m+fp/hard\libc_nano.a(libc_a-init.o)
 .ARM.attributes
                0x000006f7       0x34 C:/ST/STM32CubeIDE_1.15.0/STM32CubeIDE/plugins/com.st.stm32cube.ide.mcu.externaltools.gnu-tools-for-stm32.12.3.rel1.win32_1.0.100.202403111256/tools/bin/../lib/gcc/arm-none-eabi/12.3.1/../../../../arm-none-eabi/lib/thumb/v7e-m+fp/hard\libc_nano.a(libc_a-lock.o)
 .ARM.attributes
                0x0000072b       0x34 C:/ST/STM32CubeIDE_1.15.0/STM32CubeIDE/plugins/com.st.stm32cube.ide.mcu.externaltools.gnu-tools-for-stm32.12.3.rel1.win32_1.0.100.202403111256/tools/bin/../lib/gcc/arm-none-eabi/12.3.1/../../../../arm-none-eabi/lib/thumb/v7e-m+fp/hard\libc_nano.a(libc_a-memcpy-stub.o)
 .ARM.attributes
                0x0000075f       0x34 C:/ST/STM32CubeIDE_1.15.0/STM32CubeIDE/plugins/com.st.stm32cube.ide.mcu.externaltools.gnu-tools-for-stm32.12.3.rel1.win32_1.0.100.202403111256/tools/bin/../lib/gcc/arm-none-eabi/12.3.1/../../../../arm-none-eabi/lib/thumb/v7e-m+fp/hard\libc_nano.a(libc_a-freer.o)
 .ARM.attributes
                0x00000793       0x34 C:/ST/STM32CubeIDE_1.15.0/STM32CubeIDE/plugins/com.st.stm32cube.ide.mcu.externaltools.gnu-tools-for-stm32.12.3.rel1.win32_1.0.100.202403111256/tools/bin/../lib/gcc/arm-none-eabi/12.3.1/../../../../arm-none-eabi/lib/thumb/v7e-m+fp/hard\libc_nano.a(libc_a-mallocr.o)
 .ARM.attributes
                0x000007c7       0x34 C:/ST/STM32CubeIDE_1.15.0/STM32CubeIDE/plugins/com.st.stm32cube.ide.mcu.externaltools.gnu-tools-for-stm32.12.3.rel1.win32_1.0.100.202403111256/tools/bin/../lib/gcc/arm-none-eabi/12.3.1/../../../../arm-none-eabi/lib/thumb/v7e-m+fp/hard\libc_nano.a(libc_a-mlock.o)
 .ARM.attributes
                0x000007fb       0x34 C:/ST/STM32CubeIDE_1.15.0/STM32CubeIDE/plugins/com.st.stm32cube.ide.mcu.externaltools.gnu-tools-for-stm32.12.3.rel1.win32_1.0.100.202403111256/tools/bin/../lib/gcc/arm-none-eabi/12.3.1/../../../../arm-none-eabi/lib/thumb/v7e-m+fp/hard\libc_nano.a(libc_a-nano-svfprintf.o)
 .ARM.attributes
                0x0000082f       0x34 C:/ST/STM32CubeIDE_1.15.0/STM32CubeIDE/plugins/com.st.stm32cube.ide.mcu.externaltools.gnu-tools-for-stm32.12.3.rel1.win32_1.0.100.202403111256/tools/bin/../lib/gcc/arm-none-eabi/12.3.1/../../../../arm-none-eabi/lib/thumb/v7e-m+fp/hard\libc_nano.a(libc_a-nano-vfprintf_i.o)
 .ARM.attributes
                0x00000863       0x34 C:/ST/STM32CubeIDE_1.15.0/STM32CubeIDE/plugins/com.st.stm32cube.ide.mcu.externaltools.gnu-tools-for-stm32.12.3.rel1.win32_1.0.100.202403111256/tools/bin/../lib/gcc/arm-none-eabi/12.3.1/../../../../arm-none-eabi/lib/thumb/v7e-m+fp/hard\libc_nano.a(libc_a-memmove.o)
 .ARM.attributes
                0x00000897       0x34 C:/ST/STM32CubeIDE_1.15.0/STM32CubeIDE/plugins/com.st.stm32cube.ide.mcu.externaltools.gnu-tools-for-stm32.12.3.rel1.win32_1.0.100.202403111256/tools/bin/../lib/gcc/arm-none-eabi/12.3.1/../../../../arm-none-eabi/lib/thumb/v7e-m+fp/hard\libc_nano.a(libc_a-sbrkr.o)
 .ARM.attributes
                0x000008cb       0x1c C:/ST/STM32CubeIDE_1.15.0/STM32CubeIDE/plugins/com.st.stm32cube.ide.mcu.externaltools.gnu-tools-for-stm32.12.3.rel1.win32_1.0.100.202403111256/tools/bin/../lib/gcc/arm-none-eabi/12.3.1/../../../../arm-none-eabi/lib/thumb/v7e-m+fp/hard\libc_nano.a(libc_a-memchr.o)
 .ARM.attributes
                0x000008e7       0x34 C:/ST/STM32CubeIDE_1.15.0/STM32CubeIDE/plugins/com.st.stm32cube.ide.mcu.externaltools.gnu-tools-for-stm32.12.3.rel1.win32_1.0.100.202403111256/tools/bin/../lib/gcc/arm-none-eabi/12.3.1/../../../../arm-none-eabi/lib/thumb/v7e-m+fp/hard\libc_nano.a(libc_a-reallocr.o)
 .ARM.attributes
                0x0000091b       0x34 C:/ST/STM32CubeIDE_1.15.0/STM32CubeIDE/plugins/com.st.stm32cube.ide.mcu.externaltools.gnu-tools-for-stm32.12.3.rel1.win32_1.0.100.202403111256/tools/bin/../lib/gcc/arm-none-eabi/12.3.1/../../../../arm-none-eabi/lib/thumb/v7e-m+fp/hard\libc_nano.a(libc_a-msizer.o)
 .ARM.attributes
                0x0000094f       0x22 C:/ST/STM32CubeIDE_1.15.0/STM32CubeIDE/plugins/com.st.stm32cube.ide.mcu.externaltools.gnu-tools-for-stm32.12.3.rel1.win32_1.0.100.202403111256/tools/bin/../lib/gcc/arm-none-eabi/12.3.1/thumb/v7e-m+fp/hard\libgcc.a(_aeabi_uldivmod.o)
 .ARM.attributes
                0x00000971       0x34 C:/ST/STM32CubeIDE_1.15.0/STM32CubeIDE/plugins/com.st.stm32cube.ide.mcu.externaltools.gnu-tools-for-stm32.12.3.rel1.win32_1.0.100.202403111256/tools/bin/../lib/gcc/arm-none-eabi/12.3.1/thumb/v7e-m+fp/hard\libgcc.a(_udivmoddi4.o)
 .ARM.attributes
                0x000009a5       0x22 C:/ST/STM32CubeIDE_1.15.0/STM32CubeIDE/plugins/com.st.stm32cube.ide.mcu.externaltools.gnu-tools-for-stm32.12.3.rel1.win32_1.0.100.202403111256/tools/bin/../lib/gcc/arm-none-eabi/12.3.1/thumb/v7e-m+fp/hard\libgcc.a(_dvmd_tls.o)
 .ARM.attributes
                0x000009c7       0x22 C:/ST/STM32CubeIDE_1.15.0/STM32CubeIDE/plugins/com.st.stm32cube.ide.mcu.externaltools.gnu-tools-for-stm32.12.3.rel1.win32_1.0.100.202403111256/tools/bin/../lib/gcc/arm-none-eabi/12.3.1/thumb/v7e-m+fp/hard/crtn.o
OUTPUT(TCDFunctionTest.elf elf32-littlearm)
LOAD linker stubs
LOAD C:/ST/STM32CubeIDE_1.15.0/STM32CubeIDE/plugins/com.st.stm32cube.ide.mcu.externaltools.gnu-tools-for-stm32.12.3.rel1.win32_1.0.100.202403111256/tools/bin/../lib/gcc/arm-none-eabi/12.3.1/../../../../arm-none-eabi/lib/thumb/v7e-m+fp/hard\libc.a
LOAD C:/ST/STM32CubeIDE_1.15.0/STM32CubeIDE/plugins/com.st.stm32cube.ide.mcu.externaltools.gnu-tools-for-stm32.12.3.rel1.win32_1.0.100.202403111256/tools/bin/../lib/gcc/arm-none-eabi/12.3.1/../../../../arm-none-eabi/lib/thumb/v7e-m+fp/hard\libm.a
LOAD C:/ST/STM32CubeIDE_1.15.0/STM32CubeIDE/plugins/com.st.stm32cube.ide.mcu.externaltools.gnu-tools-for-stm32.12.3.rel1.win32_1.0.100.202403111256/tools/bin/../lib/gcc/arm-none-eabi/12.3.1/thumb/v7e-m+fp/hard\libgcc.a

.debug_info     0x00000000    0x14e50
 .debug_info    0x00000000     0x18b2 ./Core/Src/main.o
 .debug_info    0x000018b2     0x101c ./Core/Src/stm32f4xx_hal_msp.o
 .debug_info    0x000028ce      0xbeb ./Core/Src/stm32f4xx_it.o
 .debug_info    0x000034b9      0x168 ./Core/Src/sysmem.o
 .debug_info    0x00003621      0x53e ./Core/Src/system_stm32f4xx.o
 .debug_info    0x00003b5f       0x30 ./Core/Startup/startup_stm32f401ccux.o
 .debug_info    0x00003b8f      0x8bb ./Drivers/STM32F4xx_HAL_Driver/Src/stm32f4xx_hal.o
 .debug_info    0x0000444a      0xcd1 ./Drivers/STM32F4xx_HAL_Driver/Src/stm32f4xx_hal_adc.o
 .debug_info    0x0000511b      0xcc1 ./Drivers/STM32F4xx_HAL_Driver/Src/stm32f4xx_hal_cortex.o
 .debug_info    0x00005ddc      0x8e6 ./Drivers/STM32F4xx_HAL_Driver/Src/stm32f4xx_hal_dma.o
 .debug_info    0x000066c2      0x6f9 ./Drivers/STM32F4xx_HAL_Driver/Src/stm32f4xx_hal_gpio.o
 .debug_info    0x00006dbb     0x1577 ./Drivers/STM32F4xx_HAL_Driver/Src/stm32f4xx_hal_pcd.o
 .debug_info    0x00008332      0x6ea ./Drivers/STM32F4xx_HAL_Driver/Src/stm32f4xx_hal_pcd_ex.o
 .debug_info    0x00008a1c      0x8f3 ./Drivers/STM32F4xx_HAL_Driver/Src/stm32f4xx_hal_rcc.o
 .debug_info    0x0000930f     0x2996 ./Drivers/STM32F4xx_HAL_Driver/Src/stm32f4xx_hal_tim.o
 .debug_info    0x0000bca5     0x14d4 ./Drivers/STM32F4xx_HAL_Driver/Src/stm32f4xx_hal_tim_ex.o
 .debug_info    0x0000d179     0x1993 ./Drivers/STM32F4xx_HAL_Driver/Src/stm32f4xx_ll_usb.o
 .debug_info    0x0000eb0c     0x12a3 ./Middlewares/ST/STM32_USB_Device_Library/Class/CDC/Src/usbd_cdc.o
 .debug_info    0x0000fdaf      0xe05 ./Middlewares/ST/STM32_USB_Device_Library/Core/Src/usbd_core.o
 .debug_info    0x00010bb4      0xade ./Middlewares/ST/STM32_USB_Device_Library/Core/Src/usbd_ctlreq.o
 .debug_info    0x00011692      0x755 ./Middlewares/ST/STM32_USB_Device_Library/Core/Src/usbd_ioreq.o
 .debug_info    0x00011de7      0x701 ./USB_DEVICE/App/usb_device.o
 .debug_info    0x000124e8      0x911 ./USB_DEVICE/App/usbd_cdc_if.o
 .debug_info    0x00012df9      0x458 ./USB_DEVICE/App/usbd_desc.o
 .debug_info    0x00013251     0x1bff ./USB_DEVICE/Target/usbd_conf.o

.debug_abbrev   0x00000000     0x36fd
 .debug_abbrev  0x00000000      0x37d ./Core/Src/main.o
 .debug_abbrev  0x0000037d      0x252 ./Core/Src/stm32f4xx_hal_msp.o
 .debug_abbrev  0x000005cf      0x1e8 ./Core/Src/stm32f4xx_it.o
 .debug_abbrev  0x000007b7       0xbc ./Core/Src/sysmem.o
 .debug_abbrev  0x00000873      0x11a ./Core/Src/system_stm32f4xx.o
 .debug_abbrev  0x0000098d       0x24 ./Core/Startup/startup_stm32f401ccux.o
 .debug_abbrev  0x000009b1      0x24b ./Drivers/STM32F4xx_HAL_Driver/Src/stm32f4xx_hal.o
 .debug_abbrev  0x00000bfc      0x20e ./Drivers/STM32F4xx_HAL_Driver/Src/stm32f4xx_hal_adc.o
 .debug_abbrev  0x00000e0a      0x328 ./Drivers/STM32F4xx_HAL_Driver/Src/stm32f4xx_hal_cortex.o
 .debug_abbrev  0x00001132      0x221 ./Drivers/STM32F4xx_HAL_Driver/Src/stm32f4xx_hal_dma.o
 .debug_abbrev  0x00001353      0x1d3 ./Drivers/STM32F4xx_HAL_Driver/Src/stm32f4xx_hal_gpio.o
 .debug_abbrev  0x00001526      0x2b6 ./Drivers/STM32F4xx_HAL_Driver/Src/stm32f4xx_hal_pcd.o
 .debug_abbrev  0x000017dc      0x1da ./Drivers/STM32F4xx_HAL_Driver/Src/stm32f4xx_hal_pcd_ex.o
 .debug_abbrev  0x000019b6      0x2b5 ./Drivers/STM32F4xx_HAL_Driver/Src/stm32f4xx_hal_rcc.o
 .debug_abbrev  0x00001c6b      0x28b ./Drivers/STM32F4xx_HAL_Driver/Src/stm32f4xx_hal_tim.o
 .debug_abbrev  0x00001ef6      0x296 ./Drivers/STM32F4xx_HAL_Driver/Src/stm32f4xx_hal_tim_ex.o
 .debug_abbrev  0x0000218c      0x2b3 ./Drivers/STM32F4xx_HAL_Driver/Src/stm32f4xx_ll_usb.o
 .debug_abbrev  0x0000243f      0x2d2 ./Middlewares/ST/STM32_USB_Device_Library/Class/CDC/Src/usbd_cdc.o
 .debug_abbrev  0x00002711      0x27c ./Middlewares/ST/STM32_USB_Device_Library/Core/Src/usbd_core.o
 .debug_abbrev  0x0000298d      0x26f ./Middlewares/ST/STM32_USB_Device_Library/Core/Src/usbd_ctlreq.o
 .debug_abbrev  0x00002bfc      0x19a ./Middlewares/ST/STM32_USB_Device_Library/Core/Src/usbd_ioreq.o
 .debug_abbrev  0x00002d96      0x195 ./USB_DEVICE/App/usb_device.o
 .debug_abbrev  0x00002f2b      0x2b2 ./USB_DEVICE/App/usbd_cdc_if.o
 .debug_abbrev  0x000031dd      0x1e1 ./USB_DEVICE/App/usbd_desc.o
 .debug_abbrev  0x000033be      0x33f ./USB_DEVICE/Target/usbd_conf.o

.debug_aranges  0x00000000     0x12c8
 .debug_aranges
                0x00000000       0xb8 ./Core/Src/main.o
 .debug_aranges
                0x000000b8       0x48 ./Core/Src/stm32f4xx_hal_msp.o
 .debug_aranges
                0x00000100       0x78 ./Core/Src/stm32f4xx_it.o
 .debug_aranges
                0x00000178       0x20 ./Core/Src/sysmem.o
 .debug_aranges
                0x00000198       0x28 ./Core/Src/system_stm32f4xx.o
 .debug_aranges
                0x000001c0       0x28 ./Core/Startup/startup_stm32f401ccux.o
 .debug_aranges
                0x000001e8       0xf0 ./Drivers/STM32F4xx_HAL_Driver/Src/stm32f4xx_hal.o
 .debug_aranges
                0x000002d8       0xe8 ./Drivers/STM32F4xx_HAL_Driver/Src/stm32f4xx_hal_adc.o
 .debug_aranges
                0x000003c0      0x120 ./Drivers/STM32F4xx_HAL_Driver/Src/stm32f4xx_hal_cortex.o
 .debug_aranges
                0x000004e0       0x90 ./Drivers/STM32F4xx_HAL_Driver/Src/stm32f4xx_hal_dma.o
 .debug_aranges
                0x00000570       0x58 ./Drivers/STM32F4xx_HAL_Driver/Src/stm32f4xx_hal_gpio.o
 .debug_aranges
                0x000005c8      0x148 ./Drivers/STM32F4xx_HAL_Driver/Src/stm32f4xx_hal_pcd.o
 .debug_aranges
                0x00000710       0x38 ./Drivers/STM32F4xx_HAL_Driver/Src/stm32f4xx_hal_pcd_ex.o
 .debug_aranges
                0x00000748       0x88 ./Drivers/STM32F4xx_HAL_Driver/Src/stm32f4xx_hal_rcc.o
 .debug_aranges
                0x000007d0      0x3d0 ./Drivers/STM32F4xx_HAL_Driver/Src/stm32f4xx_hal_tim.o
 .debug_aranges
                0x00000ba0      0x168 ./Drivers/STM32F4xx_HAL_Driver/Src/stm32f4xx_hal_tim_ex.o
 .debug_aranges
                0x00000d08      0x1a0 ./Drivers/STM32F4xx_HAL_Driver/Src/stm32f4xx_ll_usb.o
 .debug_aranges
                0x00000ea8       0x90 ./Middlewares/ST/STM32_USB_Device_Library/Class/CDC/Src/usbd_cdc.o
 .debug_aranges