../Core/Src/main.c:124:5:main	8	static
../Core/Src/main.c:196:6:SystemClock_Config	88	static
../Core/Src/main.c:242:13:MX_ADC1_Init	24	static
../Core/Src/main.c:294:13:MX_TIM2_Init	64	static
../Core/Src/main.c:353:13:MX_TIM3_Init	64	static
../Core/Src/main.c:412:13:MX_TIM4_Init	64	static
../Core/Src/main.c:470:13:MX_TIM5_Init	80	static
../Core/Src/main.c:534:13:MX_DMA_Init	16	static
../Core/Src/main.c:552:13:MX_GPIO_Init	16	static
../Core/Src/main.c:566:6:SingleCapture	8	static
../Core/Src/main.c:596:6:HAL_ADC_ConvCpltCallback	16	static
../Core/Src/main.c:604:6:HAL_TIM_PeriodElapsedCallback	16	static
../Core/Src/main.c:615:6:CDCReceiveCallback	16	static
../Core/Src/main.c:627:6:CalculateAndSetIntegrationTime	24	static
../Core/Src/main.c:639:6:InitializeHeaderFooter	96	static
../Core/Src/main.c:654:6:encodeData	16	static
../Core/Src/main.c:663:6:Configure_SH_Signal	48	static
../Core/Src/main.c:694:6:Configure_ICG_Signal	48	static
../Core/Src/main.c:725:6:Configure_MasterClock_Signal	48	static
../Core/Src/main.c:763:6:Error_Handler	4	static,ignoring_inline_asm
