../Core/Src/main.c:124:5:main	8	static
../Core/Src/main.c:196:6:SystemClock_Config	88	static
../Core/Src/main.c:242:13:MX_ADC1_Init	24	static
../Core/Src/main.c:294:13:MX_TIM2_Init	64	static
../Core/Src/main.c:359:13:MX_TIM3_Init	64	static
../Core/Src/main.c:418:13:MX_TIM4_Init	64	static
../Core/Src/main.c:476:13:MX_TIM5_Init	80	static
../Core/Src/main.c:540:13:MX_DMA_Init	16	static
../Core/Src/main.c:558:13:MX_GPIO_Init	16	static
../Core/Src/main.c:572:6:SingleCapture	8	static
../Core/Src/main.c:604:6:HAL_TIM_PWM_PulseFinishedCallback	16	static
../Core/Src/main.c:615:6:CDCReceiveCallback	16	static
../Core/Src/main.c:637:6:Error_Handler	4	static,ignoring_inline_asm
