../Core/Src/main.c:121:5:main	8	static
../Core/Src/main.c:187:6:SystemClock_Config	88	static
../Core/Src/main.c:233:13:MX_ADC1_Init	24	static
../Core/Src/main.c:285:13:MX_TIM2_Init	64	static
../Core/Src/main.c:344:13:MX_TIM3_Init	64	static
../Core/Src/main.c:403:13:MX_TIM4_Init	64	static
../Core/Src/main.c:461:13:MX_TIM5_Init	80	static
../Core/Src/main.c:525:13:MX_DMA_Init	16	static
../Core/Src/main.c:543:13:MX_GPIO_Init	16	static
../Core/Src/main.c:557:6:HAL_ADC_ConvCpltCallback	16	static
../Core/Src/main.c:577:6:HAL_TIM_PeriodElapsedCallback	16	static
../Core/Src/main.c:595:6:CDCReceiveCallback	16	static
../Core/Src/main.c:667:6:CalculateAndSetIntegrationTime	24	static
../Core/Src/main.c:679:6:InitializeHeaderFooter	96	static
../Core/Src/main.c:703:6:Configure_SH_Signal	48	static
../Core/Src/main.c:734:6:Configure_ICG_Signal	48	static
../Core/Src/main.c:765:6:Configure_MasterClock_Signal	48	static
../Core/Src/main.c:803:6:Error_Handler	4	static,ignoring_inline_asm
