../Core/Src/main.c:124:5:main	8	static
../Core/Src/main.c:197:6:SystemClock_Config	88	static
../Core/Src/main.c:243:13:MX_ADC1_Init	24	static
../Core/Src/main.c:295:13:MX_TIM2_Init	64	static
../Core/Src/main.c:354:13:MX_TIM3_Init	64	static
../Core/Src/main.c:413:13:MX_TIM4_Init	64	static
../Core/Src/main.c:471:13:MX_TIM5_Init	80	static
../Core/Src/main.c:535:13:MX_DMA_Init	16	static
../Core/Src/main.c:553:13:MX_GPIO_Init	16	static
../Core/Src/main.c:567:6:SingleCapture	8	static
../Core/Src/main.c:594:6:HAL_ADC_ConvCpltCallback	16	static
../Core/Src/main.c:602:6:HAL_TIM_PeriodElapsedCallback	16	static
../Core/Src/main.c:613:6:CDCReceiveCallback	16	static
../Core/Src/main.c:625:6:CalculateAndSetIntegrationTime	24	static
../Core/Src/main.c:637:6:InitializeHeaderFooter	96	static
../Core/Src/main.c:652:6:encodeData	16	static
../Core/Src/main.c:661:6:Configure_SH_Signal	48	static
../Core/Src/main.c:692:6:Configure_ICG_Signal	48	static
../Core/Src/main.c:723:6:Configure_MasterClock_Signal	48	static
../Core/Src/main.c:761:6:Error_Handler	4	static,ignoring_inline_asm
