../Core/Src/main.c:124:5:main	8	static
../Core/Src/main.c:198:6:SystemClock_Config	88	static
../Core/Src/main.c:244:13:MX_ADC1_Init	24	static
../Core/Src/main.c:296:13:MX_TIM2_Init	64	static
../Core/Src/main.c:361:13:MX_TIM3_Init	64	static
../Core/Src/main.c:420:13:MX_TIM4_Init	64	static
../Core/Src/main.c:478:13:MX_TIM5_Init	80	static
../Core/Src/main.c:542:13:MX_DMA_Init	16	static
../Core/Src/main.c:560:13:MX_GPIO_Init	16	static
../Core/Src/main.c:574:6:SingleCapture	8	static
../Core/Src/main.c:608:6:HAL_ADC_ConvCpltCallback	16	static
../Core/Src/main.c:616:6:HAL_TIM_PWM_PulseFinishedCallback	16	static
../Core/Src/main.c:628:6:CDCReceiveCallback	16	static
../Core/Src/main.c:640:6:CalculateAndSetIntegrationTime	24	static
../Core/Src/main.c:652:6:InitializeHeaderFooter	96	static
../Core/Src/main.c:667:6:encodeData	16	static
../Core/Src/main.c:676:6:Configure_SH_Signal	48	static
../Core/Src/main.c:707:6:Configure_ICG_Signal	48	static
../Core/Src/main.c:738:6:Configure_MasterClock_Signal	48	static
../Core/Src/main.c:776:6:Error_Handler	4	static,ignoring_inline_asm
