14:45:17 **** Incremental Build of configuration Debug for project TCDFunctionTest ****
make -j16 all 
arm-none-eabi-gcc "../Core/Src/main.c" -mcpu=cortex-m4 -std=gnu11 -g3 -DDEBUG -DUSE_HAL_DRIVER -DSTM32F401xC -c -I../Core/Inc -I../Drivers/STM32F4xx_HAL_Driver/Inc -I../Drivers/STM32F4xx_HAL_Driver/Inc/Legacy -I../Drivers/CMSIS/Device/ST/STM32F4xx/Include -I../Drivers/CMSIS/Include -I../USB_DEVICE/App -I../USB_DEVICE/Target -I../Middlewares/ST/STM32_USB_Device_Library/Core/Inc -I../Middlewares/ST/STM32_USB_Device_Library/Class/CDC/Inc -O0 -ffunction-sections -fdata-sections -Wall -fstack-usage -fcyclomatic-complexity -MMD -MP -MF"Core/Src/main.d" -MT"Core/Src/main.o" --specs=nano.specs -mfpu=fpv4-sp-d16 -mfloat-abi=hard -mthumb -o "Core/Src/main.o"
arm-none-eabi-gcc -o "TCDFunctionTest.elf" @"objects.list"   -mcpu=cortex-m4 -T"C:\Users\Faizan Tabassum\Documents\CheckAg-TCDTesting\TCDFunctionTest\STM32F401CCUX_FLASH.ld" --specs=nosys.specs -Wl,-Map="TCDFunctionTest.map" -Wl,--gc-sections -static --specs=nano.specs -mfpu=fpv4-sp-d16 -mfloat-abi=hard -mthumb -Wl,--start-group -lc -lm -Wl,--end-group
Finished building target: TCDFunctionTest.elf
 
arm-none-eabi-size  TCDFunctionTest.elf 
arm-none-eabi-objdump -h -S TCDFunctionTest.elf  > "TCDFunctionTest.list"
   text	   data	    bss	    dec	    hex	filename
  41888	    380	  31684	  73952	  120e0	TCDFunctionTest.elf
Finished building: default.size.stdout
 
Finished building: TCDFunctionTest.list
 

14:45:18 Build Finished. 0 errors, 0 warnings. (took 859ms)

